#
# There is insufficient memory for the Java Runtime Environment to continue.
# Native memory allocation (malloc) failed to allocate 843408 bytes. Error detail: Chunk::new
# Possible reasons:
#   The system is out of physical RAM or swap space
#   This process is running with CompressedOops enabled, and the Java Heap may be blocking the growth of the native heap
# Possible solutions:
#   Reduce memory load on the system
#   Increase physical memory or swap space
#   Check if swap backing store is full
#   Decrease Java heap size (-Xmx/-Xms)
#   Decrease number of Java threads
#   Decrease Java thread stack sizes (-Xss)
#   Set larger code cache with -XX:ReservedCodeCacheSize=
#   JVM is running with Unscaled Compressed Oops mode in which the Java heap is
#     placed in the first 4GB address space. The Java Heap base address is the
#     maximum limit for the native heap growth. Please use -XX:HeapBaseMinAddress
#     to set the Java Heap base and to place the Java Heap above 4GB virtual address.
# This output file may be truncated or incomplete.
#
#  Out of Memory Error (arena.cpp:168), pid=19852, tid=4832
#
# JRE version: OpenJDK Runtime Environment Temurin-21.0.10+7 (21.0.10+7) (build 21.0.10+7-LTS)
# Java VM: OpenJDK 64-Bit Server VM Temurin-21.0.10+7 (21.0.10+7-LTS, mixed mode, sharing, tiered, compressed oops, compressed class ptrs, parallel gc, windows-amd64)
# No core dump will be written. Minidumps are not enabled by default on client versions of Windows
#

---------------  S U M M A R Y ------------

Command Line: --add-modules=ALL-SYSTEM --add-opens=java.base/java.util=ALL-UNNAMED --add-opens=java.base/java.lang=ALL-UNNAMED --add-opens=java.base/sun.nio.fs=ALL-UNNAMED -Declipse.application=org.eclipse.jdt.ls.core.id1 -Dosgi.bundles.defaultStartLevel=4 -Declipse.product=org.eclipse.jdt.ls.core.product -Djava.import.generatesMetadataFilesAtProjectRoot=false -DDetectVMInstallationsJob.disabled=true -Dfile.encoding=utf8 -XX:+UseParallelGC -XX:GCTimeRatio=4 -XX:AdaptiveSizePolicyWeight=90 -Dsun.zip.disableMemoryMapping=true -Xmx2G -Xms100m -Xlog:disable -javaagent:c:\Users\Admin\.vscode\extensions\redhat.java-1.53.0-win32-x64\lombok\lombok-1.18.39-4050.jar -XX:+HeapDumpOnOutOfMemoryError -XX:HeapDumpPath=c:\Users\Admin\AppData\Roaming\Code\User\workspaceStorage\27ed9c58f42c24c22845d3deae77e5f9\redhat.java -Daether.dependencyCollector.impl=bf c:\Users\Admin\.vscode\extensions\redhat.java-1.53.0-win32-x64\server\plugins\org.eclipse.equinox.launcher_1.7.100.v20251111-0406.jar -configuration c:\Users\Admin\AppData\Roaming\Code\User\globalStorage\redhat.java\1.53.0\config_win -data c:\Users\Admin\AppData\Roaming\Code\User\workspaceStorage\27ed9c58f42c24c22845d3deae77e5f9\redhat.java\jdt_ws --pipe=\\.\pipe\lsp-7eaadcb32b7f176c97dbd2977b8ba6d0-sock

Host: AMD Ryzen 7 5800H with Radeon Graphics         , 16 cores, 15G,  Windows 11 , 64 bit Build 22621 (10.0.22621.5415)
Time: Sun Apr  5 22:30:22 2026 SE Asia Standard Time elapsed time: 10.111231 seconds (0d 0h 0m 10s)

---------------  T H R E A D  ---------------

Current thread (0x000001b28540ab10):  JavaThread "C2 CompilerThread3" daemon [_thread_in_native, id=4832, stack(0x000000505cb00000,0x000000505cc00000) (1024K)]


Current CompileTask:
C2:10111 14268       4       org.eclipse.jdt.internal.compiler.lookup.Scope::findMemberType (723 bytes)

Stack: [0x000000505cb00000,0x000000505cc00000]
Native frames: (J=compiled Java code, j=interpreted, Vv=VM code, C=native code)
V  [jvm.dll+0x6d7a39]
V  [jvm.dll+0x8b4b26]
V  [jvm.dll+0x8b70de]
V  [jvm.dll+0x8b77c3]
V  [jvm.dll+0x284346]
V  [jvm.dll+0xc66ed]
V  [jvm.dll+0xc6c31]
V  [jvm.dll+0x3bec3b]
V  [jvm.dll+0x1e3d62]
V  [jvm.dll+0x24c6b3]
V  [jvm.dll+0x24bb40]
V  [jvm.dll+0x1cb34e]
V  [jvm.dll+0x25b85d]
V  [jvm.dll+0x259dea]
V  [jvm.dll+0x3f857e]
V  [jvm.dll+0x85f59d]
V  [jvm.dll+0x6d626d]
C  [ucrtbase.dll+0x29333]
C  [KERNEL32.DLL+0x1259d]
C  [ntdll.dll+0x5af78]


---------------  P R O C E S S  ---------------

Threads class SMR info:
_java_thread_list=0x000001b28b980640, length=103, elements={
0x000001b2a6015610, 0x000001b2ff17a8b0, 0x000001b2bcabd370, 0x000001b2ff17b6d0,
0x000001b2ff17c480, 0x000001b2ff17d680, 0x000001b2ff184240, 0x000001b2ff184e40,
0x000001b2ff188380, 0x000001b2ff25b0e0, 0x000001b2ff29cc10, 0x000001b2ff2dd6e0,
0x000001b2ff3a4840, 0x000001b2ff4b8270, 0x000001b2ff4f6660, 0x000001b2851ad0d0,
0x000001b28540ab10, 0x000001b28584c5d0, 0x000001b285f22580, 0x000001b28576a1a0,
0x000001b285ba32c0, 0x000001b285ba3d00, 0x000001b2862c3220, 0x000001b286107950,
0x000001b286278c00, 0x000001b28660f7d0, 0x000001b2866104f0, 0x000001b28660f140,
0x000001b28660d700, 0x000001b28660e420, 0x000001b28660fe60, 0x000001b28660dd90,
0x000001b28660eab0, 0x000001b2885383a0, 0x000001b2885327c0, 0x000001b288534890,
0x000001b288532e50, 0x000001b288538a30, 0x000001b288534f20, 0x000001b288535c40,
0x000001b2885362d0, 0x000001b2885334e0, 0x000001b288536ff0, 0x000001b2885355b0,
0x000001b2885390c0, 0x000001b288533b70, 0x000001b288536960, 0x000001b288539750,
0x000001b28876e920, 0x000001b288537680, 0x000001b2884f8140, 0x000001b288537d10,
0x000001b288539de0, 0x000001b2892096e0, 0x000001b288e4ce90, 0x000001b288e4e240,
0x000001b288e4d520, 0x000001b288e48660, 0x000001b288e472b0, 0x000001b288e48cf0,
0x000001b288e4e8d0, 0x000001b288e49380, 0x000001b288e4a730, 0x000001b288e49a10,
0x000001b288e4a0a0, 0x000001b288e4b450, 0x000001b288e4bae0, 0x000001b289e442d0,
0x000001b289e407c0, 0x000001b289e45d10, 0x000001b289e46a30, 0x000001b289e40130,
0x000001b289e47750, 0x000001b289e40e50, 0x000001b289e41b70, 0x000001b289e414e0,
0x000001b289e45680, 0x000001b289e42200, 0x000001b289e463a0, 0x000001b289e42890,
0x000001b289e470c0, 0x000001b289e42f20, 0x000001b289e435b0, 0x000001b289e44960,
0x000001b289e43c40, 0x000001b28525adb0, 0x000001b28525ce80, 0x000001b28525dba0,
0x000001b28525e8c0, 0x000001b2852616b0, 0x000001b285260990, 0x000001b285261d40,
0x000001b28525b440, 0x000001b285260300, 0x000001b28525ef50, 0x000001b28525fc70,
0x000001b2852623d0, 0x000001b28525f5e0, 0x000001b28525c160, 0x000001b28525c7f0,
0x000001b288534200, 0x000001b2951f5300, 0x000001b2951f4c70
}

Java Threads: ( => current thread )
  0x000001b2a6015610 JavaThread "main"                              [_thread_blocked, id=17424, stack(0x000000505b200000,0x000000505b300000) (1024K)]
  0x000001b2ff17a8b0 JavaThread "Reference Handler"          daemon [_thread_blocked, id=8156, stack(0x000000505b600000,0x000000505b700000) (1024K)]
  0x000001b2bcabd370 JavaThread "Finalizer"                  daemon [_thread_blocked, id=21732, stack(0x000000505b700000,0x000000505b800000) (1024K)]
  0x000001b2ff17b6d0 JavaThread "Signal Dispatcher"          daemon [_thread_blocked, id=20152, stack(0x000000505b800000,0x000000505b900000) (1024K)]
  0x000001b2ff17c480 JavaThread "Attach Listener"            daemon [_thread_blocked, id=18640, stack(0x000000505b900000,0x000000505ba00000) (1024K)]
  0x000001b2ff17d680 JavaThread "Service Thread"             daemon [_thread_blocked, id=21540, stack(0x000000505ba00000,0x000000505bb00000) (1024K)]
  0x000001b2ff184240 JavaThread "Monitor Deflation Thread"   daemon [_thread_blocked, id=20736, stack(0x000000505bb00000,0x000000505bc00000) (1024K)]
  0x000001b2ff184e40 JavaThread "C2 CompilerThread0"         daemon [_thread_in_native, id=16116, stack(0x000000505bc00000,0x000000505bd00000) (1024K)]
  0x000001b2ff188380 JavaThread "C1 CompilerThread0"         daemon [_thread_blocked, id=17356, stack(0x000000505bd00000,0x000000505be00000) (1024K)]
  0x000001b2ff25b0e0 JavaThread "C1 CompilerThread1"         daemon [_thread_blocked, id=6084, stack(0x000000505be00000,0x000000505bf00000) (1024K)]
  0x000001b2ff29cc10 JavaThread "C1 CompilerThread2"         daemon [_thread_blocked, id=9468, stack(0x000000505bf00000,0x000000505c000000) (1024K)]
  0x000001b2ff2dd6e0 JavaThread "C2 CompilerThread1"         daemon [_thread_in_native, id=6984, stack(0x000000505c000000,0x000000505c100000) (1024K)]
  0x000001b2ff3a4840 JavaThread "Common-Cleaner"             daemon [_thread_blocked, id=23612, stack(0x000000505c100000,0x000000505c200000) (1024K)]
  0x000001b2ff4b8270 JavaThread "C1 CompilerThread3"         daemon [_thread_blocked, id=10244, stack(0x000000505c200000,0x000000505c300000) (1024K)]
  0x000001b2ff4f6660 JavaThread "Notification Thread"        daemon [_thread_blocked, id=22632, stack(0x000000505c300000,0x000000505c400000) (1024K)]
  0x000001b2851ad0d0 JavaThread "C2 CompilerThread2"         daemon [_thread_in_native, id=20740, stack(0x000000505c400000,0x000000505c500000) (1024K)]
=>0x000001b28540ab10 JavaThread "C2 CompilerThread3"         daemon [_thread_in_native, id=4832, stack(0x000000505cb00000,0x000000505cc00000) (1024K)]
  0x000001b28584c5d0 JavaThread "C2 CompilerThread4"         daemon [_thread_in_native, id=5236, stack(0x000000505cc00000,0x000000505cd00000) (1024K)]
  0x000001b285f22580 JavaThread "Active Thread: Equinox Container: d97619ed-ecef-4902-8035-0bf15e5b6e73"        [_thread_blocked, id=22852, stack(0x000000505cd00000,0x000000505ce00000) (1024K)]
  0x000001b28576a1a0 JavaThread "Refresh Thread: Equinox Container: d97619ed-ecef-4902-8035-0bf15e5b6e73" daemon [_thread_blocked, id=22056, stack(0x000000505cf00000,0x000000505d000000) (1024K)]
  0x000001b285ba32c0 JavaThread "Framework Event Dispatcher: Equinox Container: d97619ed-ecef-4902-8035-0bf15e5b6e73" daemon [_thread_blocked, id=3988, stack(0x000000505d000000,0x000000505d100000) (1024K)]
  0x000001b285ba3d00 JavaThread "Start Level: Equinox Container: d97619ed-ecef-4902-8035-0bf15e5b6e73" daemon [_thread_blocked, id=23976, stack(0x000000505d100000,0x000000505d200000) (1024K)]
  0x000001b2862c3220 JavaThread "Bundle File Closer"         daemon [_thread_blocked, id=4708, stack(0x000000505d500000,0x000000505d600000) (1024K)]
  0x000001b286107950 JavaThread "SCR Component Actor"        daemon [_thread_blocked, id=19016, stack(0x000000505d600000,0x000000505d700000) (1024K)]
  0x000001b286278c00 JavaThread "Worker-JM"                         [_thread_blocked, id=23304, stack(0x000000505d700000,0x000000505d800000) (1024K)]
  0x000001b28660f7d0 JavaThread "JNA Cleaner"                daemon [_thread_blocked, id=6780, stack(0x000000505da00000,0x000000505db00000) (1024K)]
  0x000001b2866104f0 JavaThread "Worker-0"                          [_thread_blocked, id=8228, stack(0x000000505db00000,0x000000505dc00000) (1024K)]
  0x000001b28660f140 JavaThread "Worker-1: Building"                [_thread_blocked, id=6132, stack(0x000000505dc00000,0x000000505dd00000) (1024K)]
  0x000001b28660d700 JavaThread "Java indexing"              daemon [_thread_in_Java, id=7704, stack(0x000000505dd00000,0x000000505de00000) (1024K)]
  0x000001b28660e420 JavaThread "Worker-2"                          [_thread_blocked, id=19624, stack(0x000000505e000000,0x000000505e100000) (1024K)]
  0x000001b28660fe60 JavaThread "Worker-3: Initialize workspace"        [_thread_blocked, id=20776, stack(0x000000505e100000,0x000000505e200000) (1024K)]
  0x000001b28660dd90 JavaThread "Thread-1"                   daemon [_thread_in_native, id=20104, stack(0x000000505e200000,0x000000505e300000) (1024K)]
  0x000001b28660eab0 JavaThread "Thread-2"                   daemon [_thread_in_native, id=22540, stack(0x000000505e300000,0x000000505e400000) (1024K)]
  0x000001b2885383a0 JavaThread "Thread-3"                   daemon [_thread_in_native, id=20880, stack(0x000000505e400000,0x000000505e500000) (1024K)]
  0x000001b2885327c0 JavaThread "Thread-4"                   daemon [_thread_in_native, id=4024, stack(0x000000505e500000,0x000000505e600000) (1024K)]
  0x000001b288534890 JavaThread "Thread-5"                   daemon [_thread_in_native, id=5700, stack(0x000000505e600000,0x000000505e700000) (1024K)]
  0x000001b288532e50 JavaThread "Thread-6"                   daemon [_thread_in_native, id=17488, stack(0x000000505e700000,0x000000505e800000) (1024K)]
  0x000001b288538a30 JavaThread "Thread-7"                   daemon [_thread_in_native, id=9924, stack(0x000000505e800000,0x000000505e900000) (1024K)]
  0x000001b288534f20 JavaThread "Thread-8"                   daemon [_thread_in_native, id=7188, stack(0x000000505e900000,0x000000505ea00000) (1024K)]
  0x000001b288535c40 JavaThread "Thread-9"                   daemon [_thread_in_native, id=18960, stack(0x000000505ea00000,0x000000505eb00000) (1024K)]
  0x000001b2885362d0 JavaThread "Thread-10"                  daemon [_thread_in_native, id=18580, stack(0x000000505eb00000,0x000000505ec00000) (1024K)]
  0x000001b2885334e0 JavaThread "Thread-11"                  daemon [_thread_in_native, id=22928, stack(0x000000505ec00000,0x000000505ed00000) (1024K)]
  0x000001b288536ff0 JavaThread "Thread-12"                  daemon [_thread_in_native, id=22516, stack(0x000000505ed00000,0x000000505ee00000) (1024K)]
  0x000001b2885355b0 JavaThread "Thread-13"                  daemon [_thread_in_native, id=24184, stack(0x000000505ee00000,0x000000505ef00000) (1024K)]
  0x000001b2885390c0 JavaThread "Thread-14"                  daemon [_thread_in_native, id=21348, stack(0x000000505ef00000,0x000000505f000000) (1024K)]
  0x000001b288533b70 JavaThread "Thread-15"                  daemon [_thread_in_native, id=10312, stack(0x000000505f000000,0x000000505f100000) (1024K)]
  0x000001b288536960 JavaThread "Thread-16"                  daemon [_thread_in_native, id=2640, stack(0x000000505f100000,0x000000505f200000) (1024K)]
  0x000001b288539750 JavaThread "Thread-17"                  daemon [_thread_in_native, id=24208, stack(0x000000505f200000,0x000000505f300000) (1024K)]
  0x000001b28876e920 JavaThread "C2 CompilerThread5"         daemon [_thread_in_native, id=7624, stack(0x000000505f300000,0x000000505f400000) (1024K)]
  0x000001b288537680 JavaThread "pool-2-thread-1"                   [_thread_blocked, id=23832, stack(0x000000505f400000,0x000000505f500000) (1024K)]
  0x000001b2884f8140 JavaThread "C2 CompilerThread6"         daemon [_thread_in_native, id=22940, stack(0x000000505f500000,0x000000505f600000) (1024K)]
  0x000001b288537d10 JavaThread "WorkspaceEventsHandler"            [_thread_blocked, id=22052, stack(0x000000505f600000,0x000000505f700000) (1024K)]
  0x000001b288539de0 JavaThread "pool-1-thread-1"                   [_thread_blocked, id=20324, stack(0x000000505f700000,0x000000505f800000) (1024K)]
  0x000001b2892096e0 JavaThread "C2 CompilerThread7"         daemon [_thread_in_native, id=4308, stack(0x000000505f800000,0x000000505f900000) (1024K)]
  0x000001b288e4ce90 JavaThread "ForkJoinPool.commonPool-worker-1" daemon [_thread_blocked, id=10448, stack(0x000000505f900000,0x000000505fa00000) (1024K)]
  0x000001b288e4e240 JavaThread "ForkJoinPool.commonPool-worker-2" daemon [_thread_blocked, id=11752, stack(0x000000505fa00000,0x000000505fb00000) (1024K)]
  0x000001b288e4d520 JavaThread "LocalFile Deleter"          daemon [_thread_blocked, id=11156, stack(0x000000505fb00000,0x000000505fc00000) (1024K)]
  0x000001b288e48660 JavaThread "LocalFile Deleter"          daemon [_thread_blocked, id=14124, stack(0x000000505fc00000,0x000000505fd00000) (1024K)]
  0x000001b288e472b0 JavaThread "LocalFile Deleter"          daemon [_thread_blocked, id=18488, stack(0x000000505fd00000,0x000000505fe00000) (1024K)]
  0x000001b288e48cf0 JavaThread "LocalFile Deleter"          daemon [_thread_blocked, id=16408, stack(0x000000505fe00000,0x000000505ff00000) (1024K)]
  0x000001b288e4e8d0 JavaThread "LocalFile Deleter"          daemon [_thread_blocked, id=3136, stack(0x000000505ff00000,0x0000005060000000) (1024K)]
  0x000001b288e49380 JavaThread "LocalFile Deleter"          daemon [_thread_blocked, id=5540, stack(0x0000005060000000,0x0000005060100000) (1024K)]
  0x000001b288e4a730 JavaThread "LocalFile Deleter"          daemon [_thread_blocked, id=13628, stack(0x0000005060100000,0x0000005060200000) (1024K)]
  0x000001b288e49a10 JavaThread "LocalFile Deleter"          daemon [_thread_blocked, id=21032, stack(0x0000005060200000,0x0000005060300000) (1024K)]
  0x000001b288e4a0a0 JavaThread "LocalFile Deleter"          daemon [_thread_blocked, id=9276, stack(0x0000005060300000,0x0000005060400000) (1024K)]
  0x000001b288e4b450 JavaThread "LocalFile Deleter"          daemon [_thread_blocked, id=7984, stack(0x0000005060400000,0x0000005060500000) (1024K)]
  0x000001b288e4bae0 JavaThread "LocalFile Deleter"          daemon [_thread_blocked, id=23032, stack(0x0000005060500000,0x0000005060600000) (1024K)]
  0x000001b289e442d0 JavaThread "LocalFile Deleter"          daemon [_thread_blocked, id=18084, stack(0x0000005060600000,0x0000005060700000) (1024K)]
  0x000001b289e407c0 JavaThread "LocalFile Deleter"          daemon [_thread_blocked, id=15148, stack(0x0000005060700000,0x0000005060800000) (1024K)]
  0x000001b289e45d10 JavaThread "LocalFile Deleter"          daemon [_thread_blocked, id=20724, stack(0x0000005060800000,0x0000005060900000) (1024K)]
  0x000001b289e46a30 JavaThread "LocalFile Deleter"          daemon [_thread_blocked, id=23212, stack(0x0000005060900000,0x0000005060a00000) (1024K)]
  0x000001b289e40130 JavaThread "LocalFile Deleter"          daemon [_thread_blocked, id=22880, stack(0x0000005060a00000,0x0000005060b00000) (1024K)]
  0x000001b289e47750 JavaThread "Compiler Source File Reader" daemon [_thread_blocked, id=3212, stack(0x0000005060b00000,0x0000005060c00000) (1024K)]
  0x000001b289e40e50 JavaThread "Compiler Source File Reader" daemon [_thread_blocked, id=20240, stack(0x0000005060c00000,0x0000005060d00000) (1024K)]
  0x000001b289e41b70 JavaThread "Compiler Source File Reader" daemon [_thread_blocked, id=6492, stack(0x0000005060d00000,0x0000005060e00000) (1024K)]
  0x000001b289e414e0 JavaThread "Compiler Source File Reader" daemon [_thread_blocked, id=17496, stack(0x0000005060e00000,0x0000005060f00000) (1024K)]
  0x000001b289e45680 JavaThread "Compiler Source File Reader" daemon [_thread_blocked, id=22936, stack(0x0000005060f00000,0x0000005061000000) (1024K)]
  0x000001b289e42200 JavaThread "Compiler Source File Reader" daemon [_thread_blocked, id=20616, stack(0x0000005061000000,0x0000005061100000) (1024K)]
  0x000001b289e463a0 JavaThread "Compiler Source File Reader" daemon [_thread_blocked, id=328, stack(0x0000005061100000,0x0000005061200000) (1024K)]
  0x000001b289e42890 JavaThread "Compiler Source File Reader" daemon [_thread_blocked, id=7628, stack(0x0000005061200000,0x0000005061300000) (1024K)]
  0x000001b289e470c0 JavaThread "Compiler Source File Reader" daemon [_thread_blocked, id=1352, stack(0x0000005061300000,0x0000005061400000) (1024K)]
  0x000001b289e42f20 JavaThread "Compiler Source File Reader" daemon [_thread_blocked, id=16100, stack(0x0000005061400000,0x0000005061500000) (1024K)]
  0x000001b289e435b0 JavaThread "Compiler Source File Reader" daemon [_thread_blocked, id=11144, stack(0x0000005061500000,0x0000005061600000) (1024K)]
  0x000001b289e44960 JavaThread "Compiler Source File Reader" daemon [_thread_blocked, id=23836, stack(0x0000005061600000,0x0000005061700000) (1024K)]
  0x000001b289e43c40 JavaThread "Compiler Source File Reader" daemon [_thread_blocked, id=20368, stack(0x0000005061700000,0x0000005061800000) (1024K)]
  0x000001b28525adb0 JavaThread "Compiler Source File Reader" daemon [_thread_blocked, id=11296, stack(0x0000005061800000,0x0000005061900000) (1024K)]
  0x000001b28525ce80 JavaThread "Worker-4"                          [_thread_blocked, id=3028, stack(0x0000005061900000,0x0000005061a00000) (1024K)]
  0x000001b28525dba0 JavaThread "Worker-5: Java indexing... "        [_thread_blocked, id=16428, stack(0x0000005061a00000,0x0000005061b00000) (1024K)]
  0x000001b28525e8c0 JavaThread "Compiler Processing Task"   daemon [_thread_in_Java, id=3332, stack(0x0000005061b00000,0x0000005061c00000) (1024K)]
  0x000001b2852616b0 JavaThread "Compiler Class File Writer" daemon [_thread_blocked, id=14516, stack(0x0000005061c00000,0x0000005061d00000) (1024K)]
  0x000001b285260990 JavaThread "Compiler Class File Writer" daemon [_thread_blocked, id=10800, stack(0x0000005061d00000,0x0000005061e00000) (1024K)]
  0x000001b285261d40 JavaThread "Compiler Class File Writer" daemon [_thread_blocked, id=384, stack(0x0000005061e00000,0x0000005061f00000) (1024K)]
  0x000001b28525b440 JavaThread "Compiler Class File Writer" daemon [_thread_blocked, id=21896, stack(0x0000005061f00000,0x0000005062000000) (1024K)]
  0x000001b285260300 JavaThread "Compiler Class File Writer" daemon [_thread_blocked, id=13088, stack(0x0000005062000000,0x0000005062100000) (1024K)]
  0x000001b28525ef50 JavaThread "Compiler Class File Writer" daemon [_thread_blocked, id=17208, stack(0x0000005062100000,0x0000005062200000) (1024K)]
  0x000001b28525fc70 JavaThread "Compiler Class File Writer" daemon [_thread_blocked, id=5604, stack(0x0000005062200000,0x0000005062300000) (1024K)]
  0x000001b2852623d0 JavaThread "Compiler Class File Writer" daemon [_thread_blocked, id=20332, stack(0x0000005062300000,0x0000005062400000) (1024K)]
  0x000001b28525f5e0 JavaThread "Compiler Class File Writer" daemon [_thread_blocked, id=280, stack(0x0000005062400000,0x0000005062500000) (1024K)]
  0x000001b28525c160 JavaThread "Compiler Class File Writer" daemon [_thread_blocked, id=23088, stack(0x0000005062500000,0x0000005062600000) (1024K)]
  0x000001b28525c7f0 JavaThread "Compiler Class File Writer" daemon [_thread_blocked, id=16612, stack(0x0000005062600000,0x0000005062700000) (1024K)]
  0x000001b288534200 JavaThread "Compiler Class File Writer" daemon [_thread_blocked, id=13436, stack(0x0000005062700000,0x0000005062800000) (1024K)]
  0x000001b2951f5300 JavaThread "Compiler Class File Writer" daemon [_thread_blocked, id=4276, stack(0x0000005062800000,0x0000005062900000) (1024K)]
  0x000001b2951f4c70 JavaThread "Compiler Class File Writer" daemon [_thread_blocked, id=21788, stack(0x0000005062900000,0x0000005062a00000) (1024K)]
Total: 103

Other Threads:
  0x000001b2a60ce9f0 VMThread "VM Thread"                           [id=1460, stack(0x000000505b500000,0x000000505b600000) (1024K)]
  0x000001b2a607e860 WatcherThread "VM Periodic Task Thread"        [id=19756, stack(0x000000505b400000,0x000000505b500000) (1024K)]
  0x000001b2a6032990 WorkerThread "GC Thread#0"                     [id=2184, stack(0x000000505b300000,0x000000505b400000) (1024K)]
  0x000001b2851ab870 WorkerThread "GC Thread#1"                     [id=20376, stack(0x000000505c500000,0x000000505c600000) (1024K)]
  0x000001b2851aa9b0 WorkerThread "GC Thread#2"                     [id=23816, stack(0x000000505c600000,0x000000505c700000) (1024K)]
  0x000001b2851aad60 WorkerThread "GC Thread#3"                     [id=19996, stack(0x000000505c700000,0x000000505c800000) (1024K)]
  0x000001b2851ab4c0 WorkerThread "GC Thread#4"                     [id=22424, stack(0x000000505c800000,0x000000505c900000) (1024K)]
  0x000001b2851ab110 WorkerThread "GC Thread#5"                     [id=17920, stack(0x000000505c900000,0x000000505ca00000) (1024K)]
  0x000001b2851aa600 WorkerThread "GC Thread#6"                     [id=24384, stack(0x000000505ca00000,0x000000505cb00000) (1024K)]
  0x000001b2851abfd0 WorkerThread "GC Thread#7"                     [id=22580, stack(0x000000505ce00000,0x000000505cf00000) (1024K)]
  0x000001b285f7bae0 WorkerThread "GC Thread#8"                     [id=1396, stack(0x000000505d200000,0x000000505d300000) (1024K)]
  0x000001b285f7b380 WorkerThread "GC Thread#9"                     [id=9056, stack(0x000000505d300000,0x000000505d400000) (1024K)]
  0x000001b285f7e370 WorkerThread "GC Thread#10"                    [id=3244, stack(0x000000505d400000,0x000000505d500000) (1024K)]
  0x000001b285f7e720 WorkerThread "GC Thread#11"                    [id=20732, stack(0x000000505d800000,0x000000505d900000) (1024K)]
  0x000001b285f7d860 WorkerThread "GC Thread#12"                    [id=24072, stack(0x000000505d900000,0x000000505da00000) (1024K)]
Total: 15

Threads with active compile tasks:
C2 CompilerThread0  10137 14688       4       lombok.core.LombokNode::gatherAndRemoveChildren (89 bytes)
C2 CompilerThread1  10137 14739       4       org.eclipse.jdt.internal.core.search.matching.JavaSearchNameEnvironment::addPackageNameToIndex (45 bytes)
C2 CompilerThread2  10137 14686       4       org.eclipse.jdt.internal.core.builder.ReferenceCollection::internSimpleNames (278 bytes)
C2 CompilerThread3  10137 14268       4       org.eclipse.jdt.internal.compiler.lookup.Scope::findMemberType (723 bytes)
C2 CompilerThread4  10138 14545       4       org.eclipse.jdt.internal.compiler.parser.Parser::consumeRule (7843 bytes)
C2 CompilerThread5  10138 14795       4       org.eclipse.jdt.internal.compiler.ast.Expression::computeConversion (372 bytes)
C2 CompilerThread6  10138 13598   !   4       lombok.eclipse.HandlerLibrary::handleAnnotation (224 bytes)
C2 CompilerThread7  10138 14738       4       org.eclipse.jdt.internal.core.util.Util::concatWith (53 bytes)
Total: 8

VM state: not at safepoint (normal execution)

VM Mutex/Monitor currently owned by a thread: None

Heap address: 0x0000000080000000, size: 2048 MB, Compressed Oops mode: 32-bit

CDS archive(s) mapped at: [0x000001b2bd000000-0x000001b2bdba0000-0x000001b2bdba0000), size 12189696, SharedBaseAddress: 0x000001b2bd000000, ArchiveRelocationMode: 1.
Compressed class space mapped at: 0x000001b2be000000-0x000001b2fe000000, reserved size: 1073741824
Narrow klass base: 0x000001b2bd000000, Narrow klass shift: 0, Narrow klass range: 0x100000000

GC Precious Log:
 CardTable entry size: 512
 CPUs: 16 total, 16 available
 Memory: 15754M
 Large Page Support: Disabled
 NUMA Support: Disabled
 Compressed Oops: Enabled (32-bit)
 Alignments: Space 512K, Generation 512K, Heap 2M
 Heap Min Capacity: 100M
 Heap Initial Capacity: 100M
 Heap Max Capacity: 2G
 Pre-touch: Disabled
 Parallel Workers: 13

Heap:
 PSYoungGen      total 4096K, used 1499K [0x00000000d5580000, 0x00000000d5b00000, 0x0000000100000000)
  eden space 3072K, 31% used [0x00000000d5580000,0x00000000d566ed98,0x00000000d5880000)
  from space 1024K, 53% used [0x00000000d5900000,0x00000000d5988000,0x00000000d5a00000)
  to   space 1024K, 0% used [0x00000000d5a00000,0x00000000d5a00000,0x00000000d5b00000)
 ParOldGen       total 161792K, used 161773K [0x0000000080000000, 0x0000000089e00000, 0x00000000d5580000)
  object space 161792K, 99% used [0x0000000080000000,0x0000000089dfb7e8,0x0000000089e00000)
 Metaspace       used 66329K, committed 67840K, reserved 1114112K
  class space    used 6700K, committed 7360K, reserved 1048576K

Card table byte_map: [0x000001b2a59e0000,0x000001b2a5df0000] _byte_map_base: 0x000001b2a55e0000

Marking Bits: (ParMarkBitMap*) 0x00007fff13523450
 Begin Bits: [0x000001b2b84c0000, 0x000001b2ba4c0000)
 End Bits:   [0x000001b2ba4c0000, 0x000001b2bc4c0000)

Polling page: 0x000001b2a57d0000

Metaspace:

Usage:
  Non-class:     58.23 MB used.
      Class:      6.54 MB used.
       Both:     64.78 MB used.

Virtual space:
  Non-class space:       64.00 MB reserved,      59.06 MB ( 92%) committed,  1 nodes.
      Class space:        1.00 GB reserved,       7.19 MB ( <1%) committed,  1 nodes.
             Both:        1.06 GB reserved,      66.25 MB (  6%) committed. 

Chunk freelists:
   Non-Class:  4.69 MB
       Class:  8.66 MB
        Both:  13.35 MB

MaxMetaspaceSize: unlimited
CompressedClassSpaceSize: 1.00 GB
Initial GC threshold: 21.00 MB
Current GC threshold: 97.31 MB
CDS: on
 - commit_granule_bytes: 65536.
 - commit_granule_words: 8192.
 - virtual_space_node_default_size: 8388608.
 - enlarge_chunks_in_place: 1.
 - use_allocation_guard: 0.


Internal statistics:

num_allocs_failed_limit: 9.
num_arena_births: 1260.
num_arena_deaths: 14.
num_vsnodes_births: 2.
num_vsnodes_deaths: 0.
num_space_committed: 1060.
num_space_uncommitted: 0.
num_chunks_returned_to_freelist: 23.
num_chunks_taken_from_freelist: 4346.
num_chunk_merges: 11.
num_chunk_splits: 2702.
num_chunks_enlarged: 1565.
num_inconsistent_stats: 0.

CodeHeap 'non-profiled nmethods': size=119168Kb used=10956Kb max_used=10956Kb free=108212Kb
 bounds [0x000001b2b0db0000, 0x000001b2b1870000, 0x000001b2b8210000]
CodeHeap 'profiled nmethods': size=119104Kb used=34733Kb max_used=34733Kb free=84370Kb
 bounds [0x000001b2a9210000, 0x000001b2ab400000, 0x000001b2b0660000]
CodeHeap 'non-nmethods': size=7488Kb used=3120Kb max_used=3325Kb free=4368Kb
 bounds [0x000001b2b0660000, 0x000001b2b09b0000, 0x000001b2b0db0000]
CodeCache: size=245760Kb, used=48809Kb, max_used=49014Kb, free=196950Kb
 total_blobs=14646, nmethods=13910, adapters=636, full_count=0
Compilation: enabled, stopped_count=0, restarted_count=0

Compilation events (20 events):
Event: 10.103 Thread 0x000001b2ff29cc10 nmethod 14753 0x000001b2ab3e5190 code [0x000001b2ab3e5360, 0x000001b2ab3e5510]
Event: 10.103 Thread 0x000001b2ff25b0e0 nmethod 14748 0x000001b2b1858e10 code [0x000001b2b1858fa0, 0x000001b2b1859068]
Event: 10.103 Thread 0x000001b2ff4b8270 nmethod 14754 0x000001b2ab3e5610 code [0x000001b2ab3e5840, 0x000001b2ab3e5da8]
Event: 10.104 Thread 0x000001b2ff29cc10 14756       2       java.util.Arrays::fill (21 bytes)
Event: 10.104 Thread 0x000001b2ff29cc10 nmethod 14756 0x000001b2ab3e6090 code [0x000001b2ab3e6220, 0x000001b2ab3e6380]
Event: 10.105 Thread 0x000001b2ff29cc10 14757       2       org.eclipse.jdt.internal.compiler.lookup.TypeConstants$BoundCheckStatus::isOKbyJLS (36 bytes)
Event: 10.105 Thread 0x000001b2ff25b0e0 14758       2       org.eclipse.jdt.internal.core.search.matching.JavaSearchNameEnvironment::hasCompilationUnit (170 bytes)
Event: 10.106 Thread 0x000001b2ff29cc10 nmethod 14757 0x000001b2ab3e6490 code [0x000001b2ab3e6640, 0x000001b2ab3e67e0]
Event: 10.106 Thread 0x000001b2ff184e40 14688       4       lombok.core.LombokNode::gatherAndRemoveChildren (89 bytes)
Event: 10.106 Thread 0x000001b2ff4b8270 14760       2       org.eclipse.jdt.internal.compiler.ast.UnaryExpression::bindingsWhenFalse (30 bytes)
Event: 10.107 Thread 0x000001b2ff25b0e0 nmethod 14758 0x000001b2ab3e6910 code [0x000001b2ab3e6c40, 0x000001b2ab3e7540]
Event: 10.107 Thread 0x000001b2ff4b8270 nmethod 14760 0x000001b2ab3e7b10 code [0x000001b2ab3e7cc0, 0x000001b2ab3e7e38]
Event: 10.107 Thread 0x000001b2ff4b8270 14761       2       org.eclipse.jdt.internal.core.builder.ClasspathLocation::hasModule (11 bytes)
Event: 10.107 Thread 0x000001b2ff4b8270 nmethod 14761 0x000001b2ab3e7f10 code [0x000001b2ab3e80c0, 0x000001b2ab3e8228]
Event: 10.108 Thread 0x000001b28876e920 nmethod 14394 0x000001b2b1859110 code [0x000001b2b18593a0, 0x000001b2b185a368]
Event: 10.108 Thread 0x000001b2851ad0d0 nmethod 14692 0x000001b2b185ac90 code [0x000001b2b185ae20, 0x000001b2b185b070]
Event: 10.108 Thread 0x000001b2ff188380 14762       2       org.eclipse.jdt.internal.core.builder.ClasspathJar::getModule (17 bytes)
Event: 10.108 Thread 0x000001b2884f8140 nmethod 14530 0x000001b2b185b190 code [0x000001b2b185b3e0, 0x000001b2b185c098]
Event: 10.108 Thread 0x000001b2ff188380 nmethod 14762 0x000001b2ab3e8310 code [0x000001b2ab3e84c0, 0x000001b2ab3e8600]
Event: 10.108 Thread 0x000001b2ff4b8270 14763       2       org.eclipse.jdt.internal.compiler.ast.Annotation::getTargetElementType (278 bytes)

GC Heap History (20 events):
Event: 10.001 GC heap before
{Heap before GC invocations=232 (full 3):
 PSYoungGen      total 4096K, used 4092K [0x00000000d5580000, 0x00000000d5c00000, 0x0000000100000000)
  eden space 3584K, 100% used [0x00000000d5580000,0x00000000d5900000,0x00000000d5900000)
  from space 512K, 99% used [0x00000000d5a80000,0x00000000d5aff0b8,0x00000000d5b00000)
  to   space 1536K, 0% used [0x00000000d5900000,0x00000000d5900000,0x00000000d5a80000)
 ParOldGen       total 154624K, used 154454K [0x0000000080000000, 0x0000000089700000, 0x00000000d5580000)
  object space 154624K, 99% used [0x0000000080000000,0x00000000896d59e8,0x0000000089700000)
 Metaspace       used 66136K, committed 67648K, reserved 1114112K
  class space    used 6698K, committed 7360K, reserved 1048576K
}
Event: 10.002 GC heap after
{Heap after GC invocations=232 (full 3):
 PSYoungGen      total 4096K, used 496K [0x00000000d5580000, 0x00000000d5b00000, 0x0000000100000000)
  eden space 3584K, 0% used [0x00000000d5580000,0x00000000d5580000,0x00000000d5900000)
  from space 512K, 96% used [0x00000000d5900000,0x00000000d597c010,0x00000000d5980000)
  to   space 1024K, 0% used [0x00000000d5a00000,0x00000000d5a00000,0x00000000d5b00000)
 ParOldGen       total 155136K, used 154977K [0x0000000080000000, 0x0000000089780000, 0x00000000d5580000)
  object space 155136K, 99% used [0x0000000080000000,0x0000000089758418,0x0000000089780000)
 Metaspace       used 66136K, committed 67648K, reserved 1114112K
  class space    used 6698K, committed 7360K, reserved 1048576K
}
Event: 10.012 GC heap before
{Heap before GC invocations=233 (full 3):
 PSYoungGen      total 4096K, used 4080K [0x00000000d5580000, 0x00000000d5b00000, 0x0000000100000000)
  eden space 3584K, 100% used [0x00000000d5580000,0x00000000d5900000,0x00000000d5900000)
  from space 512K, 96% used [0x00000000d5900000,0x00000000d597c010,0x00000000d5980000)
  to   space 1024K, 0% used [0x00000000d5a00000,0x00000000d5a00000,0x00000000d5b00000)
 ParOldGen       total 155136K, used 154977K [0x0000000080000000, 0x0000000089780000, 0x00000000d5580000)
  object space 155136K, 99% used [0x0000000080000000,0x0000000089758418,0x0000000089780000)
 Metaspace       used 66163K, committed 67712K, reserved 1114112K
  class space    used 6698K, committed 7360K, reserved 1048576K
}
Event: 10.013 GC heap after
{Heap after GC invocations=233 (full 3):
 PSYoungGen      total 4096K, used 992K [0x00000000d5580000, 0x00000000d5c00000, 0x0000000100000000)
  eden space 3072K, 0% used [0x00000000d5580000,0x00000000d5580000,0x00000000d5880000)
  from space 1024K, 96% used [0x00000000d5a00000,0x00000000d5af8020,0x00000000d5b00000)
  to   space 1536K, 0% used [0x00000000d5880000,0x00000000d5880000,0x00000000d5a00000)
 ParOldGen       total 155648K, used 155241K [0x0000000080000000, 0x0000000089800000, 0x00000000d5580000)
  object space 155648K, 99% used [0x0000000080000000,0x000000008979a418,0x0000000089800000)
 Metaspace       used 66163K, committed 67712K, reserved 1114112K
  class space    used 6698K, committed 7360K, reserved 1048576K
}
Event: 10.022 GC heap before
{Heap before GC invocations=234 (full 3):
 PSYoungGen      total 4096K, used 4064K [0x00000000d5580000, 0x00000000d5c00000, 0x0000000100000000)
  eden space 3072K, 100% used [0x00000000d5580000,0x00000000d5880000,0x00000000d5880000)
  from space 1024K, 96% used [0x00000000d5a00000,0x00000000d5af8020,0x00000000d5b00000)
  to   space 1536K, 0% used [0x00000000d5880000,0x00000000d5880000,0x00000000d5a00000)
 ParOldGen       total 155648K, used 155241K [0x0000000080000000, 0x0000000089800000, 0x00000000d5580000)
  object space 155648K, 99% used [0x0000000080000000,0x000000008979a418,0x0000000089800000)
 Metaspace       used 66199K, committed 67712K, reserved 1114112K
  class space    used 6698K, committed 7360K, reserved 1048576K
}
Event: 10.023 GC heap after
{Heap after GC invocations=234 (full 3):
 PSYoungGen      total 4608K, used 1312K [0x00000000d5580000, 0x00000000d5b80000, 0x0000000100000000)
  eden space 3072K, 0% used [0x00000000d5580000,0x00000000d5580000,0x00000000d5880000)
  from space 1536K, 85% used [0x00000000d5880000,0x00000000d59c8010,0x00000000d5a00000)
  to   space 1536K, 0% used [0x00000000d5a00000,0x00000000d5a00000,0x00000000d5b80000)
 ParOldGen       total 156160K, used 156084K [0x0000000080000000, 0x0000000089880000, 0x00000000d5580000)
  object space 156160K, 99% used [0x0000000080000000,0x000000008986d338,0x0000000089880000)
 Metaspace       used 66199K, committed 67712K, reserved 1114112K
  class space    used 6698K, committed 7360K, reserved 1048576K
}
Event: 10.041 GC heap before
{Heap before GC invocations=235 (full 3):
 PSYoungGen      total 4608K, used 4384K [0x00000000d5580000, 0x00000000d5b80000, 0x0000000100000000)
  eden space 3072K, 100% used [0x00000000d5580000,0x00000000d5880000,0x00000000d5880000)
  from space 1536K, 85% used [0x00000000d5880000,0x00000000d59c8010,0x00000000d5a00000)
  to   space 1536K, 0% used [0x00000000d5a00000,0x00000000d5a00000,0x00000000d5b80000)
 ParOldGen       total 156160K, used 156084K [0x0000000080000000, 0x0000000089880000, 0x00000000d5580000)
  object space 156160K, 99% used [0x0000000080000000,0x000000008986d338,0x0000000089880000)
 Metaspace       used 66220K, committed 67776K, reserved 1114112K
  class space    used 6698K, committed 7360K, reserved 1048576K
}
Event: 10.043 GC heap after
{Heap after GC invocations=235 (full 3):
 PSYoungGen      total 4608K, used 960K [0x00000000d5580000, 0x00000000d5b80000, 0x0000000100000000)
  eden space 3072K, 0% used [0x00000000d5580000,0x00000000d5580000,0x00000000d5880000)
  from space 1536K, 62% used [0x00000000d5a00000,0x00000000d5af0000,0x00000000d5b80000)
  to   space 1536K, 0% used [0x00000000d5880000,0x00000000d5880000,0x00000000d5a00000)
 ParOldGen       total 157696K, used 157229K [0x0000000080000000, 0x0000000089a00000, 0x00000000d5580000)
  object space 157696K, 99% used [0x0000000080000000,0x000000008998b520,0x0000000089a00000)
 Metaspace       used 66220K, committed 67776K, reserved 1114112K
  class space    used 6698K, committed 7360K, reserved 1048576K
}
Event: 10.057 GC heap before
{Heap before GC invocations=236 (full 3):
 PSYoungGen      total 4608K, used 4032K [0x00000000d5580000, 0x00000000d5b80000, 0x0000000100000000)
  eden space 3072K, 100% used [0x00000000d5580000,0x00000000d5880000,0x00000000d5880000)
  from space 1536K, 62% used [0x00000000d5a00000,0x00000000d5af0000,0x00000000d5b80000)
  to   space 1536K, 0% used [0x00000000d5880000,0x00000000d5880000,0x00000000d5a00000)
 ParOldGen       total 157696K, used 157229K [0x0000000080000000, 0x0000000089a00000, 0x00000000d5580000)
  object space 157696K, 99% used [0x0000000080000000,0x000000008998b520,0x0000000089a00000)
 Metaspace       used 66228K, committed 67776K, reserved 1114112K
  class space    used 6698K, committed 7360K, reserved 1048576K
}
Event: 10.059 GC heap after
{Heap after GC invocations=236 (full 3):
 PSYoungGen      total 4096K, used 672K [0x00000000d5580000, 0x00000000d5a80000, 0x0000000100000000)
  eden space 3072K, 0% used [0x00000000d5580000,0x00000000d5580000,0x00000000d5880000)
  from space 1024K, 65% used [0x00000000d5880000,0x00000000d5928030,0x00000000d5980000)
  to   space 1024K, 0% used [0x00000000d5980000,0x00000000d5980000,0x00000000d5a80000)
 ParOldGen       total 158208K, used 157949K [0x0000000080000000, 0x0000000089a80000, 0x00000000d5580000)
  object space 158208K, 99% used [0x0000000080000000,0x0000000089a3f520,0x0000000089a80000)
 Metaspace       used 66228K, committed 67776K, reserved 1114112K
  class space    used 6698K, committed 7360K, reserved 1048576K
}
Event: 10.073 GC heap before
{Heap before GC invocations=237 (full 3):
 PSYoungGen      total 4096K, used 3744K [0x00000000d5580000, 0x00000000d5a80000, 0x0000000100000000)
  eden space 3072K, 100% used [0x00000000d5580000,0x00000000d5880000,0x00000000d5880000)
  from space 1024K, 65% used [0x00000000d5880000,0x00000000d5928030,0x00000000d5980000)
  to   space 1024K, 0% used [0x00000000d5980000,0x00000000d5980000,0x00000000d5a80000)
 ParOldGen       total 158208K, used 157949K [0x0000000080000000, 0x0000000089a80000, 0x00000000d5580000)
  object space 158208K, 99% used [0x0000000080000000,0x0000000089a3f520,0x0000000089a80000)
 Metaspace       used 66245K, committed 67776K, reserved 1114112K
  class space    used 6698K, committed 7360K, reserved 1048576K
}
Event: 10.074 GC heap after
{Heap after GC invocations=237 (full 3):
 PSYoungGen      total 4096K, used 672K [0x00000000d5580000, 0x00000000d5a80000, 0x0000000100000000)
  eden space 3072K, 0% used [0x00000000d5580000,0x00000000d5580000,0x00000000d5880000)
  from space 1024K, 65% used [0x00000000d5980000,0x00000000d5a28000,0x00000000d5a80000)
  to   space 1024K, 0% used [0x00000000d5880000,0x00000000d5880000,0x00000000d5980000)
 ParOldGen       total 158720K, used 158309K [0x0000000080000000, 0x0000000089b00000, 0x00000000d5580000)
  object space 158720K, 99% used [0x0000000080000000,0x0000000089a99540,0x0000000089b00000)
 Metaspace       used 66245K, committed 67776K, reserved 1114112K
  class space    used 6698K, committed 7360K, reserved 1048576K
}
Event: 10.079 GC heap before
{Heap before GC invocations=238 (full 3):
 PSYoungGen      total 4096K, used 3744K [0x00000000d5580000, 0x00000000d5a80000, 0x0000000100000000)
  eden space 3072K, 100% used [0x00000000d5580000,0x00000000d5880000,0x00000000d5880000)
  from space 1024K, 65% used [0x00000000d5980000,0x00000000d5a28000,0x00000000d5a80000)
  to   space 1024K, 0% used [0x00000000d5880000,0x00000000d5880000,0x00000000d5980000)
 ParOldGen       total 158720K, used 158309K [0x0000000080000000, 0x0000000089b00000, 0x00000000d5580000)
  object space 158720K, 99% used [0x0000000080000000,0x0000000089a99540,0x0000000089b00000)
 Metaspace       used 66261K, committed 67776K, reserved 1114112K
  class space    used 6700K, committed 7360K, reserved 1048576K
}
Event: 10.080 GC heap after
{Heap after GC invocations=238 (full 3):
 PSYoungGen      total 4096K, used 608K [0x00000000d5580000, 0x00000000d5a80000, 0x0000000100000000)
  eden space 3072K, 0% used [0x00000000d5580000,0x00000000d5580000,0x00000000d5880000)
  from space 1024K, 59% used [0x00000000d5880000,0x00000000d5918000,0x00000000d5980000)
  to   space 1024K, 0% used [0x00000000d5980000,0x00000000d5980000,0x00000000d5a80000)
 ParOldGen       total 159232K, used 158809K [0x0000000080000000, 0x0000000089b80000, 0x00000000d5580000)
  object space 159232K, 99% used [0x0000000080000000,0x0000000089b16588,0x0000000089b80000)
 Metaspace       used 66261K, committed 67776K, reserved 1114112K
  class space    used 6700K, committed 7360K, reserved 1048576K
}
Event: 10.090 GC heap before
{Heap before GC invocations=239 (full 3):
 PSYoungGen      total 4096K, used 3680K [0x00000000d5580000, 0x00000000d5a80000, 0x0000000100000000)
  eden space 3072K, 100% used [0x00000000d5580000,0x00000000d5880000,0x00000000d5880000)
  from space 1024K, 59% used [0x00000000d5880000,0x00000000d5918000,0x00000000d5980000)
  to   space 1024K, 0% used [0x00000000d5980000,0x00000000d5980000,0x00000000d5a80000)
 ParOldGen       total 159232K, used 158809K [0x0000000080000000, 0x0000000089b80000, 0x00000000d5580000)
  object space 159232K, 99% used [0x0000000080000000,0x0000000089b16588,0x0000000089b80000)
 Metaspace       used 66270K, committed 67776K, reserved 1114112K
  class space    used 6700K, committed 7360K, reserved 1048576K
}
Event: 10.091 GC heap after
{Heap after GC invocations=239 (full 3):
 PSYoungGen      total 4096K, used 704K [0x00000000d5580000, 0x00000000d5a80000, 0x0000000100000000)
  eden space 3072K, 0% used [0x00000000d5580000,0x00000000d5580000,0x00000000d5880000)
  from space 1024K, 68% used [0x00000000d5980000,0x00000000d5a30020,0x00000000d5a80000)
  to   space 1024K, 0% used [0x00000000d5880000,0x00000000d5880000,0x00000000d5980000)
 ParOldGen       total 159232K, used 159185K [0x0000000080000000, 0x0000000089b80000, 0x00000000d5580000)
  object space 159232K, 99% used [0x0000000080000000,0x0000000089b74588,0x0000000089b80000)
 Metaspace       used 66270K, committed 67776K, reserved 1114112K
  class space    used 6700K, committed 7360K, reserved 1048576K
}
Event: 10.097 GC heap before
{Heap before GC invocations=240 (full 3):
 PSYoungGen      total 4096K, used 3776K [0x00000000d5580000, 0x00000000d5a80000, 0x0000000100000000)
  eden space 3072K, 100% used [0x00000000d5580000,0x00000000d5880000,0x00000000d5880000)
  from space 1024K, 68% used [0x00000000d5980000,0x00000000d5a30020,0x00000000d5a80000)
  to   space 1024K, 0% used [0x00000000d5880000,0x00000000d5880000,0x00000000d5980000)
 ParOldGen       total 159232K, used 159185K [0x0000000080000000, 0x0000000089b80000, 0x00000000d5580000)
  object space 159232K, 99% used [0x0000000080000000,0x0000000089b74588,0x0000000089b80000)
 Metaspace       used 66280K, committed 67840K, reserved 1114112K
  class space    used 6700K, committed 7360K, reserved 1048576K
}
Event: 10.098 GC heap after
{Heap after GC invocations=240 (full 3):
 PSYoungGen      total 4096K, used 992K [0x00000000d5580000, 0x00000000d5c80000, 0x0000000100000000)
  eden space 3072K, 0% used [0x00000000d5580000,0x00000000d5580000,0x00000000d5880000)
  from space 1024K, 96% used [0x00000000d5880000,0x00000000d5978010,0x00000000d5980000)
  to   space 2048K, 0% used [0x00000000d5a80000,0x00000000d5a80000,0x00000000d5c80000)
 ParOldGen       total 160256K, used 159777K [0x0000000080000000, 0x0000000089c80000, 0x00000000d5580000)
  object space 160256K, 99% used [0x0000000080000000,0x0000000089c085a8,0x0000000089c80000)
 Metaspace       used 66280K, committed 67840K, reserved 1114112K
  class space    used 6700K, committed 7360K, reserved 1048576K
}
Event: 10.108 GC heap before
{Heap before GC invocations=241 (full 3):
 PSYoungGen      total 4096K, used 4064K [0x00000000d5580000, 0x00000000d5c80000, 0x0000000100000000)
  eden space 3072K, 100% used [0x00000000d5580000,0x00000000d5880000,0x00000000d5880000)
  from space 1024K, 96% used [0x00000000d5880000,0x00000000d5978010,0x00000000d5980000)
  to   space 2048K, 0% used [0x00000000d5a80000,0x00000000d5a80000,0x00000000d5c80000)
 ParOldGen       total 160256K, used 159777K [0x0000000080000000, 0x0000000089c80000, 0x00000000d5580000)
  object space 160256K, 99% used [0x0000000080000000,0x0000000089c085a8,0x0000000089c80000)
 Metaspace       used 66285K, committed 67840K, reserved 1114112K
  class space    used 6700K, committed 7360K, reserved 1048576K
}
Event: 10.110 GC heap after
{Heap after GC invocations=241 (full 3):
 PSYoungGen      total 4608K, used 1280K [0x00000000d5580000, 0x00000000d5c00000, 0x0000000100000000)
  eden space 3072K, 0% used [0x00000000d5580000,0x00000000d5580000,0x00000000d5880000)
  from space 1536K, 83% used [0x00000000d5a80000,0x00000000d5bc0000,0x00000000d5c00000)
  to   space 1536K, 0% used [0x00000000d5900000,0x00000000d5900000,0x00000000d5a80000)
 ParOldGen       total 160768K, used 160701K [0x0000000080000000, 0x0000000089d00000, 0x00000000d5580000)
  object space 160768K, 99% used [0x0000000080000000,0x0000000089cef7e8,0x0000000089d00000)
 Metaspace       used 66285K, committed 67840K, reserved 1114112K
  class space    used 6700K, committed 7360K, reserved 1048576K
}

Dll operation events (10 events):
Event: 0.005 Loaded shared library c:\Users\Admin\.vscode\extensions\redhat.java-1.53.0-win32-x64\jre\21.0.10-win32-x86_64\bin\java.dll
Event: 0.056 Loaded shared library c:\Users\Admin\.vscode\extensions\redhat.java-1.53.0-win32-x64\jre\21.0.10-win32-x86_64\bin\zip.dll
Event: 0.069 Loaded shared library C:\Users\Admin\.vscode\extensions\redhat.java-1.53.0-win32-x64\jre\21.0.10-win32-x86_64\bin\instrument.dll
Event: 0.072 Loaded shared library C:\Users\Admin\.vscode\extensions\redhat.java-1.53.0-win32-x64\jre\21.0.10-win32-x86_64\bin\net.dll
Event: 0.073 Loaded shared library C:\Users\Admin\.vscode\extensions\redhat.java-1.53.0-win32-x64\jre\21.0.10-win32-x86_64\bin\nio.dll
Event: 0.075 Loaded shared library C:\Users\Admin\.vscode\extensions\redhat.java-1.53.0-win32-x64\jre\21.0.10-win32-x86_64\bin\zip.dll
Event: 0.086 Loaded shared library C:\Users\Admin\.vscode\extensions\redhat.java-1.53.0-win32-x64\jre\21.0.10-win32-x86_64\bin\jimage.dll
Event: 0.131 Loaded shared library c:\Users\Admin\.vscode\extensions\redhat.java-1.53.0-win32-x64\jre\21.0.10-win32-x86_64\bin\verify.dll
Event: 0.798 Loaded shared library C:\Users\Admin\AppData\Roaming\Code\User\globalStorage\redhat.java\1.53.0\config_win\org.eclipse.equinox.launcher\org.eclipse.equinox.launcher.win32.win32.x86_64_1.3.0.v20260203-2149\eclipse_11919.dll
Event: 1.489 Loaded shared library C:\Users\Admin\AppData\Local\Temp\jna-63116079\jna3195585666405847204.dll

Deoptimization events (20 events):
Event: 10.048 Thread 0x000001b28660d700 Uncommon trap: reason=class_check action=maybe_recompile pc=0x000001b2b1842bf0 method=org.eclipse.jdt.internal.compiler.lookup.PackageBinding.hasCompilationUnit(Z)Z @ 76 c2
Event: 10.048 Thread 0x000001b28660d700 DEOPT PACKING pc=0x000001b2b1842bf0 sp=0x000000505ddfe0c0
Event: 10.048 Thread 0x000001b28660d700 DEOPT UNPACKING pc=0x000001b2b06b3aa2 sp=0x000000505ddfe0c0 mode 2
Event: 10.048 Thread 0x000001b28525e8c0 Uncommon trap: trap_request=0xffffff45 fr.pc=0x000001b2b0dd2b10 relative=0x00000000000001f0
Event: 10.048 Thread 0x000001b28525e8c0 Uncommon trap: reason=unstable_if action=reinterpret pc=0x000001b2b0dd2b10 method=java.lang.String.isLatin1()Z @ 10 c2
Event: 10.049 Thread 0x000001b28525e8c0 DEOPT PACKING pc=0x000001b2b0dd2b10 sp=0x0000005061bfe4e0
Event: 10.049 Thread 0x000001b28525e8c0 DEOPT UNPACKING pc=0x000001b2b06b3aa2 sp=0x0000005061bfe418 mode 2
Event: 10.070 Thread 0x000001b28525e8c0 Uncommon trap: trap_request=0xffffff6e fr.pc=0x000001b2b14ad690 relative=0x00000000000003d0
Event: 10.070 Thread 0x000001b28525e8c0 Uncommon trap: reason=loop_limit_check action=maybe_recompile pc=0x000001b2b14ad690 method=org.eclipse.jdt.internal.compiler.ClassFile.utf8At([BII)[C @ 128 c2
Event: 10.070 Thread 0x000001b28525e8c0 DEOPT PACKING pc=0x000001b2b14ad690 sp=0x0000005061bfdf60
Event: 10.070 Thread 0x000001b28525e8c0 DEOPT UNPACKING pc=0x000001b2b06b3aa2 sp=0x0000005061bfded8 mode 2
Event: 10.108 Thread 0x000001b28525e8c0 Uncommon trap: trap_request=0xffffffd6 fr.pc=0x000001b2b185aff4 relative=0x00000000000001d4
Event: 10.108 Thread 0x000001b28525e8c0 Uncommon trap: reason=array_check action=maybe_recompile pc=0x000001b2b185aff4 method=java.util.LinkedHashMap.keysToArray([Ljava/lang/Object;Z)[Ljava/lang/Object; @ 67 c2
Event: 10.108 Thread 0x000001b28525e8c0 DEOPT PACKING pc=0x000001b2b185aff4 sp=0x0000005061bfe010
Event: 10.108 Thread 0x000001b28525e8c0 DEOPT UNPACKING pc=0x000001b2b06b3aa2 sp=0x0000005061bfdf90 mode 2
Event: 10.108 Thread 0x000001b28525e8c0 Uncommon trap: trap_request=0xffffffd6 fr.pc=0x000001b2b185aff4 relative=0x00000000000001d4
Event: 10.108 Thread 0x000001b28525e8c0 Uncommon trap: reason=array_check action=maybe_recompile pc=0x000001b2b185aff4 method=java.util.LinkedHashMap.keysToArray([Ljava/lang/Object;Z)[Ljava/lang/Object; @ 67 c2
Event: 10.108 Thread 0x000001b28525e8c0 DEOPT PACKING pc=0x000001b2b185aff4 sp=0x0000005061bfdf30
Event: 10.108 Thread 0x000001b28525e8c0 DEOPT UNPACKING pc=0x000001b2b06b3aa2 sp=0x0000005061bfdeb0 mode 2
Event: 10.110 Thread 0x000001b28525e8c0 Uncommon trap: trap_request=0xffffffd6 fr.pc=0x000001b2b185aff4 relative=0x00000000000001d4

Classes loaded (20 events):
Event: 6.939 Loading class java/util/concurrent/ConcurrentHashMap$KeySpliterator
Event: 6.939 Loading class java/util/concurrent/ConcurrentHashMap$KeySpliterator done
Event: 6.944 Loading class sun/nio/ch/ChannelOutputStream
Event: 6.944 Loading class sun/nio/ch/ChannelOutputStream done
Event: 7.052 Loading class java/util/stream/ReferencePipeline$4
Event: 7.052 Loading class java/util/stream/ReferencePipeline$4 done
Event: 7.053 Loading class java/util/stream/Nodes$IntFixedNodeBuilder
Event: 7.053 Loading class java/util/stream/Node$Builder$OfInt
Event: 7.053 Loading class java/util/stream/Node$Builder$OfInt done
Event: 7.053 Loading class java/util/stream/Nodes$IntArrayNode
Event: 7.053 Loading class java/util/stream/Nodes$IntArrayNode done
Event: 7.053 Loading class java/util/stream/Nodes$IntFixedNodeBuilder done
Event: 7.053 Loading class java/util/stream/ReferencePipeline$4$1
Event: 7.054 Loading class java/util/stream/ReferencePipeline$4$1 done
Event: 8.282 Loading class sun/nio/cs/ISO_8859_1$Decoder
Event: 8.282 Loading class sun/nio/cs/ISO_8859_1$Decoder done
Event: 8.606 Loading class java/lang/invoke/MethodHandleImpl$CountingWrapper$1
Event: 8.606 Loading class java/lang/invoke/MethodHandleImpl$CountingWrapper$1 done
Event: 9.539 Loading class jdk/internal/module/IllegalAccessLogger
Event: 9.539 Loading class jdk/internal/module/IllegalAccessLogger done

Classes unloaded (7 events):
Event: 1.796 Thread 0x000001b2a60ce9f0 Unloading class 0x000001b2be1a3800 'java/lang/invoke/LambdaForm$MH+0x000001b2be1a3800'
Event: 1.796 Thread 0x000001b2a60ce9f0 Unloading class 0x000001b2be1a3400 'java/lang/invoke/LambdaForm$MH+0x000001b2be1a3400'
Event: 1.796 Thread 0x000001b2a60ce9f0 Unloading class 0x000001b2be1a3000 'java/lang/invoke/LambdaForm$MH+0x000001b2be1a3000'
Event: 1.796 Thread 0x000001b2a60ce9f0 Unloading class 0x000001b2be1a2c00 'java/lang/invoke/LambdaForm$MH+0x000001b2be1a2c00'
Event: 1.796 Thread 0x000001b2a60ce9f0 Unloading class 0x000001b2be1a2800 'java/lang/invoke/LambdaForm$BMH+0x000001b2be1a2800'
Event: 1.796 Thread 0x000001b2a60ce9f0 Unloading class 0x000001b2be1a2400 'java/lang/invoke/LambdaForm$DMH+0x000001b2be1a2400'
Event: 1.796 Thread 0x000001b2a60ce9f0 Unloading class 0x000001b2be1a1000 'java/lang/invoke/LambdaForm$DMH+0x000001b2be1a1000'

Classes redefined (0 events):
No events

Internal exceptions (20 events):
Event: 8.777 Thread 0x000001b28660f140 Exception <a 'sun/nio/fs/WindowsException'{0x00000000d58b7018}> (0x00000000d58b7018) 
thrown [s\src\hotspot\share\prims\jni.cpp, line 520]
Event: 8.777 Thread 0x000001b28660f140 Exception <a 'sun/nio/fs/WindowsException'{0x00000000d58b7b20}> (0x00000000d58b7b20) 
thrown [s\src\hotspot\share\prims\jni.cpp, line 520]
Event: 8.780 Thread 0x000001b28660f140 Exception <a 'java/lang/NoSuchMethodError'{0x00000000d5967148}: 'int java.lang.invoke.DirectMethodHandle$Holder.invokeStatic(java.lang.Object)'> (0x00000000d5967148) 
thrown [s\src\hotspot\share\interpreter\linkResolver.cpp, line 773]
Event: 8.804 Thread 0x000001b28660f140 Exception <a 'sun/nio/fs/WindowsException'{0x00000000d56a6ba0}> (0x00000000d56a6ba0) 
thrown [s\src\hotspot\share\prims\jni.cpp, line 520]
Event: 8.804 Thread 0x000001b288e4d520 Exception <a 'sun/nio/fs/WindowsException'{0x00000000d56a9880}> (0x00000000d56a9880) 
thrown [s\src\hotspot\share\prims\jni.cpp, line 520]
Event: 8.804 Thread 0x000001b288e48660 Exception <a 'sun/nio/fs/WindowsException'{0x00000000d56b13a8}> (0x00000000d56b13a8) 
thrown [s\src\hotspot\share\prims\jni.cpp, line 520]
Event: 8.804 Thread 0x000001b288e4e8d0 Exception <a 'sun/nio/fs/WindowsException'{0x00000000d56b8eb8}> (0x00000000d56b8eb8) 
thrown [s\src\hotspot\share\prims\jni.cpp, line 520]
Event: 8.805 Thread 0x000001b288e4a0a0 Exception <a 'sun/nio/fs/WindowsException'{0x00000000d56c09c8}> (0x00000000d56c09c8) 
thrown [s\src\hotspot\share\prims\jni.cpp, line 520]
Event: 8.805 Thread 0x000001b288e4a730 Exception <a 'sun/nio/fs/WindowsException'{0x00000000d56f6690}> (0x00000000d56f6690) 
thrown [s\src\hotspot\share\prims\jni.cpp, line 520]
Event: 8.810 Thread 0x000001b28660f140 Exception <a 'sun/nio/fs/WindowsException'{0x00000000d572fff0}> (0x00000000d572fff0) 
thrown [s\src\hotspot\share\prims\jni.cpp, line 520]
Event: 8.810 Thread 0x000001b288e4d520 Exception <a 'sun/nio/fs/WindowsException'{0x00000000d56aa890}> (0x00000000d56aa890) 
thrown [s\src\hotspot\share\prims\jni.cpp, line 520]
Event: 8.978 Thread 0x000001b28660d700 Exception <a 'sun/nio/fs/WindowsException'{0x00000000d5674608}> (0x00000000d5674608) 
thrown [s\src\hotspot\share\prims\jni.cpp, line 520]
Event: 8.990 Thread 0x000001b28660d700 Implicit null exception at 0x000001b2b13ee462 to 0x000001b2b13ee8d0
Event: 9.031 Thread 0x000001b28660d700 Implicit null exception at 0x000001b2b12b02ff to 0x000001b2b12b0634
Event: 9.165 Thread 0x000001b28660f140 Implicit null exception at 0x000001b2b1475f1b to 0x000001b2b1475f88
Event: 9.831 Thread 0x000001b288e4e240 Implicit null exception at 0x000001b2b105a382 to 0x000001b2b105adf4
Event: 9.852 Thread 0x000001b28660d700 Implicit null exception at 0x000001b2b142ef23 to 0x000001b2b142f3b0
Event: 9.863 Thread 0x000001b28660d700 Implicit null exception at 0x000001b2b17fd0e0 to 0x000001b2b17feab4
Event: 9.863 Thread 0x000001b28660d700 Implicit null exception at 0x000001b2b172b138 to 0x000001b2b172c918
Event: 9.904 Thread 0x000001b28660d700 Implicit null exception at 0x000001b2b147b4f2 to 0x000001b2b147b8cc

ZGC Phase Switch (0 events):
No events

VM Operations (20 events):
Event: 10.012 Executing safepoint VM operation: ParallelGCFailedAllocation (Allocation Failure)
Event: 10.013 Executing safepoint VM operation: ParallelGCFailedAllocation (Allocation Failure) done
Event: 10.022 Executing safepoint VM operation: ParallelGCFailedAllocation (Allocation Failure)
Event: 10.023 Executing safepoint VM operation: ParallelGCFailedAllocation (Allocation Failure) done
Event: 10.035 Executing non-safepoint VM operation: HandshakeAllThreads (Deoptimize)
Event: 10.035 Executing non-safepoint VM operation: HandshakeAllThreads (Deoptimize) done
Event: 10.041 Executing safepoint VM operation: ParallelGCFailedAllocation (Allocation Failure)
Event: 10.043 Executing safepoint VM operation: ParallelGCFailedAllocation (Allocation Failure) done
Event: 10.057 Executing safepoint VM operation: ParallelGCFailedAllocation (Allocation Failure)
Event: 10.059 Executing safepoint VM operation: ParallelGCFailedAllocation (Allocation Failure) done
Event: 10.073 Executing safepoint VM operation: ParallelGCFailedAllocation (Allocation Failure)
Event: 10.074 Executing safepoint VM operation: ParallelGCFailedAllocation (Allocation Failure) done
Event: 10.079 Executing safepoint VM operation: ParallelGCFailedAllocation (Allocation Failure)
Event: 10.080 Executing safepoint VM operation: ParallelGCFailedAllocation (Allocation Failure) done
Event: 10.090 Executing safepoint VM operation: ParallelGCFailedAllocation (Allocation Failure)
Event: 10.091 Executing safepoint VM operation: ParallelGCFailedAllocation (Allocation Failure) done
Event: 10.097 Executing safepoint VM operation: ParallelGCFailedAllocation (Allocation Failure)
Event: 10.098 Executing safepoint VM operation: ParallelGCFailedAllocation (Allocation Failure) done
Event: 10.108 Executing safepoint VM operation: ParallelGCFailedAllocation (Allocation Failure)
Event: 10.110 Executing safepoint VM operation: ParallelGCFailedAllocation (Allocation Failure) done

Memory protections (0 events):
No events

Nmethod flushes (20 events):
Event: 6.239 Thread 0x000001b2a60ce9f0 flushing  nmethod 0x000001b2a9be5610
Event: 6.239 Thread 0x000001b2a60ce9f0 flushing  nmethod 0x000001b2a9be5c10
Event: 6.239 Thread 0x000001b2a60ce9f0 flushing  nmethod 0x000001b2a9be6310
Event: 6.239 Thread 0x000001b2a60ce9f0 flushing  nmethod 0x000001b2a9be6b90
Event: 6.239 Thread 0x000001b2a60ce9f0 flushing  nmethod 0x000001b2a9be7190
Event: 6.239 Thread 0x000001b2a60ce9f0 flushing  nmethod 0x000001b2a9be9290
Event: 6.239 Thread 0x000001b2a60ce9f0 flushing  nmethod 0x000001b2a9c16390
Event: 6.239 Thread 0x000001b2a60ce9f0 flushing  nmethod 0x000001b2a9c34190
Event: 6.239 Thread 0x000001b2a60ce9f0 flushing osr nmethod 0x000001b2a9c40410
Event: 6.239 Thread 0x000001b2a60ce9f0 flushing  nmethod 0x000001b2a9c61390
Event: 6.239 Thread 0x000001b2a60ce9f0 flushing  nmethod 0x000001b2a9c76790
Event: 6.239 Thread 0x000001b2a60ce9f0 flushing  nmethod 0x000001b2a9c78090
Event: 6.239 Thread 0x000001b2a60ce9f0 flushing  nmethod 0x000001b2a9c79b90
Event: 6.239 Thread 0x000001b2a60ce9f0 flushing  nmethod 0x000001b2a9c7f710
Event: 6.239 Thread 0x000001b2a60ce9f0 flushing  nmethod 0x000001b2a9c82d90
Event: 6.239 Thread 0x000001b2a60ce9f0 flushing  nmethod 0x000001b2a9c89b10
Event: 6.239 Thread 0x000001b2a60ce9f0 flushing  nmethod 0x000001b2a9c89f90
Event: 6.239 Thread 0x000001b2a60ce9f0 flushing  nmethod 0x000001b2a9c8b310
Event: 6.239 Thread 0x000001b2a60ce9f0 flushing  nmethod 0x000001b2a9c8b690
Event: 6.239 Thread 0x000001b2a60ce9f0 flushing  nmethod 0x000001b2a9c8e390

Events (20 events):
Event: 7.050 Thread 0x000001b28660f140 Thread added: 0x000001b285260300
Event: 7.082 Thread 0x000001b28660f140 Thread added: 0x000001b28525ef50
Event: 7.147 Thread 0x000001b28660f140 Thread added: 0x000001b28525fc70
Event: 7.222 Thread 0x000001b28660f140 Thread added: 0x000001b2852623d0
Event: 7.301 Thread 0x000001b28660f140 Thread added: 0x000001b28525f5e0
Event: 7.345 Thread 0x000001b28660f140 Thread added: 0x000001b28525c160
Event: 7.362 Thread 0x000001b28660f140 Thread added: 0x000001b28525c7f0
Event: 7.381 Thread 0x000001b28660f140 Thread added: 0x000001b288534200
Event: 7.387 Thread 0x000001b28660f140 Thread added: 0x000001b2951f5300
Event: 7.399 Thread 0x000001b28660f140 Thread added: 0x000001b2951f4c70
Event: 8.246 Thread 0x000001b288e4e240 Thread added: 0x000001b2951f3230
Event: 8.246 Thread 0x000001b288e4e240 Thread added: 0x000001b2951f2510
Event: 8.246 Thread 0x000001b288e4e240 Thread added: 0x000001b2951f3f50
Event: 8.246 Thread 0x000001b288e4e240 Thread added: 0x000001b2951f5990
Event: 8.247 Thread 0x000001b288e4e240 Thread added: 0x000001b2951f38c0
Event: 8.393 Thread 0x000001b2951f3f50 Thread exited: 0x000001b2951f3f50
Event: 8.393 Thread 0x000001b2951f5990 Thread exited: 0x000001b2951f5990
Event: 8.393 Thread 0x000001b2951f2510 Thread exited: 0x000001b2951f2510
Event: 8.393 Thread 0x000001b2951f3230 Thread exited: 0x000001b2951f3230
Event: 8.393 Thread 0x000001b2951f38c0 Thread exited: 0x000001b2951f38c0


Dynamic libraries:
0x00007ff6a7410000 - 0x00007ff6a741e000 	c:\Users\Admin\.vscode\extensions\redhat.java-1.53.0-win32-x64\jre\21.0.10-win32-x86_64\bin\java.exe
0x00007fffdffd0000 - 0x00007fffe01e7000 	C:\Windows\SYSTEM32\ntdll.dll
0x00007fffde770000 - 0x00007fffde834000 	C:\Windows\System32\KERNEL32.DLL
0x00007fffdd5e0000 - 0x00007fffdd9b2000 	C:\Windows\System32\KERNELBASE.dll
0x00007fffdd0f0000 - 0x00007fffdd201000 	C:\Windows\System32\ucrtbase.dll
0x00007fffbf150000 - 0x00007fffbf168000 	c:\Users\Admin\.vscode\extensions\redhat.java-1.53.0-win32-x64\jre\21.0.10-win32-x86_64\bin\jli.dll
0x00007fffbd7b0000 - 0x00007fffbd7ce000 	c:\Users\Admin\.vscode\extensions\redhat.java-1.53.0-win32-x64\jre\21.0.10-win32-x86_64\bin\VCRUNTIME140.dll
0x00007fffdefb0000 - 0x00007fffdf161000 	C:\Windows\System32\USER32.dll
0x00007fffb9a20000 - 0x00007fffb9cbb000 	C:\Windows\WinSxS\amd64_microsoft.windows.common-controls_6595b64144ccf1df_6.0.22621.5547_none_27104afb73855772\COMCTL32.dll
0x00007fffdf9e0000 - 0x00007fffdfa87000 	C:\Windows\System32\msvcrt.dll
0x00007fffdda40000 - 0x00007fffdda66000 	C:\Windows\System32\win32u.dll
0x00007fffde510000 - 0x00007fffde539000 	C:\Windows\System32\GDI32.dll
0x00007fffddb30000 - 0x00007fffddc53000 	C:\Windows\System32\gdi32full.dll
0x00007fffdd210000 - 0x00007fffdd2aa000 	C:\Windows\System32\msvcp_win.dll
0x00007fffdeca0000 - 0x00007fffdecd1000 	C:\Windows\System32\IMM32.DLL
0x00007fffd9a20000 - 0x00007fffd9a2c000 	c:\Users\Admin\.vscode\extensions\redhat.java-1.53.0-win32-x64\jre\21.0.10-win32-x86_64\bin\vcruntime140_1.dll
0x00007fff550b0000 - 0x00007fff5513d000 	c:\Users\Admin\.vscode\extensions\redhat.java-1.53.0-win32-x64\jre\21.0.10-win32-x86_64\bin\msvcp140.dll
0x00007fff12860000 - 0x00007fff13601000 	c:\Users\Admin\.vscode\extensions\redhat.java-1.53.0-win32-x64\jre\21.0.10-win32-x86_64\bin\server\jvm.dll
0x00007fffdf1d0000 - 0x00007fffdf281000 	C:\Windows\System32\ADVAPI32.dll
0x00007fffde840000 - 0x00007fffde8e8000 	C:\Windows\System32\sechost.dll
0x00007fffdd0c0000 - 0x00007fffdd0e8000 	C:\Windows\System32\bcrypt.dll
0x00007fffdece0000 - 0x00007fffdedf4000 	C:\Windows\System32\RPCRT4.dll
0x00007fffdea20000 - 0x00007fffdea91000 	C:\Windows\System32\WS2_32.dll
0x00007fffdcde0000 - 0x00007fffdce2d000 	C:\Windows\SYSTEM32\POWRPROF.dll
0x00007fffd88f0000 - 0x00007fffd8924000 	C:\Windows\SYSTEM32\WINMM.dll
0x00007fffd3e80000 - 0x00007fffd3e8a000 	C:\Windows\SYSTEM32\VERSION.dll
0x00007fffdcdc0000 - 0x00007fffdcdd3000 	C:\Windows\SYSTEM32\UMPDC.dll
0x00007fffdc0b0000 - 0x00007fffdc0c8000 	C:\Windows\SYSTEM32\kernel.appcore.dll
0x00007fffd68d0000 - 0x00007fffd68da000 	c:\Users\Admin\.vscode\extensions\redhat.java-1.53.0-win32-x64\jre\21.0.10-win32-x86_64\bin\jimage.dll
0x00007fffd3c40000 - 0x00007fffd3e73000 	C:\Windows\SYSTEM32\DBGHELP.DLL
0x00007fffdf590000 - 0x00007fffdf923000 	C:\Windows\System32\combase.dll
0x00007fffdeaa0000 - 0x00007fffdeb77000 	C:\Windows\System32\OLEAUT32.dll
0x00007fffd3c00000 - 0x00007fffd3c32000 	C:\Windows\SYSTEM32\dbgcore.DLL
0x00007fffdd2b0000 - 0x00007fffdd32b000 	C:\Windows\System32\bcryptPrimitives.dll
0x00007fffd6490000 - 0x00007fffd649f000 	c:\Users\Admin\.vscode\extensions\redhat.java-1.53.0-win32-x64\jre\21.0.10-win32-x86_64\bin\instrument.dll
0x00007fffba580000 - 0x00007fffba5a0000 	c:\Users\Admin\.vscode\extensions\redhat.java-1.53.0-win32-x64\jre\21.0.10-win32-x86_64\bin\java.dll
0x00007fffddc60000 - 0x00007fffde502000 	C:\Windows\System32\SHELL32.dll
0x00007fffdd330000 - 0x00007fffdd46f000 	C:\Windows\System32\wintypes.dll
0x00007fffdafa0000 - 0x00007fffdb8bd000 	C:\Windows\SYSTEM32\windows.storage.dll
0x00007fffde910000 - 0x00007fffdea1c000 	C:\Windows\System32\SHCORE.dll
0x00007fffdeb80000 - 0x00007fffdebe9000 	C:\Windows\System32\shlwapi.dll
0x00007fffdcff0000 - 0x00007fffdd01b000 	C:\Windows\SYSTEM32\profapi.dll
0x00007fffb6880000 - 0x00007fffb6898000 	c:\Users\Admin\.vscode\extensions\redhat.java-1.53.0-win32-x64\jre\21.0.10-win32-x86_64\bin\zip.dll
0x00007fffd12d0000 - 0x00007fffd12e0000 	C:\Users\Admin\.vscode\extensions\redhat.java-1.53.0-win32-x64\jre\21.0.10-win32-x86_64\bin\net.dll
0x00007fffd9e80000 - 0x00007fffd9fac000 	C:\Windows\SYSTEM32\WINHTTP.dll
0x00007fffdc520000 - 0x00007fffdc589000 	C:\Windows\system32\mswsock.dll
0x00007fffb67c0000 - 0x00007fffb67d6000 	C:\Users\Admin\.vscode\extensions\redhat.java-1.53.0-win32-x64\jre\21.0.10-win32-x86_64\bin\nio.dll
0x00007fffd8320000 - 0x00007fffd8330000 	c:\Users\Admin\.vscode\extensions\redhat.java-1.53.0-win32-x64\jre\21.0.10-win32-x86_64\bin\verify.dll
0x00007fffd81d0000 - 0x00007fffd8215000 	C:\Users\Admin\AppData\Roaming\Code\User\globalStorage\redhat.java\1.53.0\config_win\org.eclipse.equinox.launcher\org.eclipse.equinox.launcher.win32.win32.x86_64_1.3.0.v20260203-2149\eclipse_11919.dll
0x00007fffdee00000 - 0x00007fffdefa0000 	C:\Windows\System32\ole32.dll
0x00007fffdc870000 - 0x00007fffdc88b000 	C:\Windows\SYSTEM32\CRYPTSP.dll
0x00007fffdc010000 - 0x00007fffdc047000 	C:\Windows\system32\rsaenh.dll
0x00007fffdc5c0000 - 0x00007fffdc5e8000 	C:\Windows\SYSTEM32\USERENV.dll
0x00007fffdc850000 - 0x00007fffdc85c000 	C:\Windows\SYSTEM32\CRYPTBASE.dll
0x00007fffdbb10000 - 0x00007fffdbb3d000 	C:\Windows\SYSTEM32\IPHLPAPI.DLL
0x00007fffdf1c0000 - 0x00007fffdf1c9000 	C:\Windows\System32\NSI.dll
0x00007fffbcd00000 - 0x00007fffbcd49000 	C:\Users\Admin\AppData\Local\Temp\jna-63116079\jna3195585666405847204.dll
0x00007fffdebf0000 - 0x00007fffdebf8000 	C:\Windows\System32\PSAPI.DLL
0x00007fffd9200000 - 0x00007fffd9219000 	C:\Windows\SYSTEM32\dhcpcsvc6.DLL
0x00007fffd9130000 - 0x00007fffd914f000 	C:\Windows\SYSTEM32\dhcpcsvc.DLL

JVMTI agents:
c:\Users\Admin\.vscode\extensions\redhat.java-1.53.0-win32-x64\lombok\lombok-1.18.39-4050.jar path:c:\Users\Admin\.vscode\extensions\redhat.java-1.53.0-win32-x64\jre\21.0.10-win32-x86_64\bin\instrument.dll, loaded, initialized, instrumentlib options:none

dbghelp: loaded successfully - version: 4.0.5 - missing functions: none
symbol engine: initialized successfully - sym options: 0x614 - pdb path: .;c:\Users\Admin\.vscode\extensions\redhat.java-1.53.0-win32-x64\jre\21.0.10-win32-x86_64\bin;C:\Windows\SYSTEM32;C:\Windows\WinSxS\amd64_microsoft.windows.common-controls_6595b64144ccf1df_6.0.22621.5547_none_27104afb73855772;c:\Users\Admin\.vscode\extensions\redhat.java-1.53.0-win32-x64\jre\21.0.10-win32-x86_64\bin\server;C:\Users\Admin\AppData\Roaming\Code\User\globalStorage\redhat.java\1.53.0\config_win\org.eclipse.equinox.launcher\org.eclipse.equinox.launcher.win32.win32.x86_64_1.3.0.v20260203-2149;C:\Users\Admin\AppData\Local\Temp\jna-63116079

VM Arguments:
jvm_args: --add-modules=ALL-SYSTEM --add-opens=java.base/java.util=ALL-UNNAMED --add-opens=java.base/java.lang=ALL-UNNAMED --add-opens=java.base/sun.nio.fs=ALL-UNNAMED -Declipse.application=org.eclipse.jdt.ls.core.id1 -Dosgi.bundles.defaultStartLevel=4 -Declipse.product=org.eclipse.jdt.ls.core.product -Djava.import.generatesMetadataFilesAtProjectRoot=false -DDetectVMInstallationsJob.disabled=true -Dfile.encoding=utf8 -XX:+UseParallelGC -XX:GCTimeRatio=4 -XX:AdaptiveSizePolicyWeight=90 -Dsun.zip.disableMemoryMapping=true -Xmx2G -Xms100m -Xlog:disable -javaagent:c:\Users\Admin\.vscode\extensions\redhat.java-1.53.0-win32-x64\lombok\lombok-1.18.39-4050.jar -XX:+HeapDumpOnOutOfMemoryError -XX:HeapDumpPath=c:\Users\Admin\AppData\Roaming\Code\User\workspaceStorage\27ed9c58f42c24c22845d3deae77e5f9\redhat.java -Daether.dependencyCollector.impl=bf 
java_command: c:\Users\Admin\.vscode\extensions\redhat.java-1.53.0-win32-x64\server\plugins\org.eclipse.equinox.launcher_1.7.100.v20251111-0406.jar -configuration c:\Users\Admin\AppData\Roaming\Code\User\globalStorage\redhat.java\1.53.0\config_win -data c:\Users\Admin\AppData\Roaming\Code\User\workspaceStorage\27ed9c58f42c24c22845d3deae77e5f9\redhat.java\jdt_ws --pipe=\\.\pipe\lsp-7eaadcb32b7f176c97dbd2977b8ba6d0-sock
java_class_path (initial): c:\Users\Admin\.vscode\extensions\redhat.java-1.53.0-win32-x64\server\plugins\org.eclipse.equinox.launcher_1.7.100.v20251111-0406.jar
Launcher Type: SUN_STANDARD

[Global flags]
    uintx AdaptiveSizePolicyWeight                 = 90                                        {product} {command line}
     intx CICompilerCount                          = 12                                        {product} {ergonomic}
    uintx GCTimeRatio                              = 4                                         {product} {command line}
     bool HeapDumpOnOutOfMemoryError               = true                                   {manageable} {command line}
    ccstr HeapDumpPath                             = c:\Users\Admin\AppData\Roaming\Code\User\workspaceStorage\27ed9c58f42c24c22845d3deae77e5f9\redhat.java         {manageable} {command line}
   size_t InitialHeapSize                          = 104857600                                 {product} {command line}
   size_t MaxHeapSize                              = 2147483648                                {product} {command line}
   size_t MaxNewSize                               = 715653120                                 {product} {ergonomic}
   size_t MinHeapDeltaBytes                        = 524288                                    {product} {ergonomic}
   size_t MinHeapSize                              = 104857600                                 {product} {command line}
   size_t NewSize                                  = 34603008                                  {product} {ergonomic}
    uintx NonNMethodCodeHeapSize                   = 7602480                                {pd product} {ergonomic}
    uintx NonProfiledCodeHeapSize                  = 122027880                              {pd product} {ergonomic}
   size_t OldSize                                  = 70254592                                  {product} {ergonomic}
    uintx ProfiledCodeHeapSize                     = 122027880                              {pd product} {ergonomic}
    uintx ReservedCodeCacheSize                    = 251658240                              {pd product} {ergonomic}
     bool SegmentedCodeCache                       = true                                      {product} {ergonomic}
   size_t SoftMaxHeapSize                          = 2147483648                             {manageable} {ergonomic}
     bool UseCompressedOops                        = true                           {product lp64_product} {ergonomic}
     bool UseLargePagesIndividualAllocation        = false                                  {pd product} {ergonomic}
     bool UseParallelGC                            = true                                      {product} {command line}

Logging:
Log output configuration:
 #0: stdout all=off uptime,level,tags foldmultilines=false
 #1: stderr all=off uptime,level,tags foldmultilines=false

Release file:
JAVA_VERSION="21.0.10" 
MODULES="java.base java.compiler java.datatransfer java.xml java.prefs java.desktop java.instrument java.logging java.management java.security.sasl java.naming java.rmi java.management.rmi java.net.http java.scripting java.security.jgss java.transaction.xa java.sql java.sql.rowset java.xml.crypto java.se java.smartcardio jdk.accessibility jdk.internal.jvmstat jdk.attach jdk.charsets jdk.internal.opt jdk.zipfs jdk.compiler jdk.crypto.ec jdk.crypto.cryptoki jdk.crypto.mscapi jdk.dynalink jdk.internal.ed jdk.editpad jdk.hotspot.agent jdk.httpserver jdk.internal.le jdk.internal.vm.ci jdk.internal.vm.compiler jdk.internal.vm.compiler.management jdk.jartool jdk.javadoc jdk.jcmd jdk.management jdk.management.agent jdk.jconsole jdk.jdeps jdk.jdwp.agent jdk.jdi jdk.jfr jdk.jshell jdk.jsobject jdk.jstatd jdk.localedata jdk.management.jfr jdk.naming.dns jdk.naming.rmi jdk.net jdk.nio.mapmode jdk.random jdk.sctp jdk.security.auth jdk.security.jgss jdk.unsupported jdk.unsupported.desktop jdk.xml.dom" 

Environment Variables:
PATH=C:\Users\Admin\AppData\Local\Programs\Microsoft VS Code;C:\Program Files\Microsoft MPI\Bin\;C:\Program Files\Common Files\Oracle\Java\javapath;C:\Program Files (x86)\Common Files\Oracle\Java\javapath;C:\Windows\system32;C:\Windows;C:\Windows\System32\Wbem;C:\Windows\System32\WindowsPowerShell\v1.0\;C:\Windows\System32\OpenSSH\;C:\Program Files\Microsoft SQL Server\150\Tools\Binn\;C:\Program Files\Microsoft SQL Server\Client SDK\ODBC\170\Tools\Binn\;C:\Program Files (x86)\Microsoft SQL Server\160\DTS\Binn\;C:\Program Files (x86)\Microsoft SQL Server\160\Tools\Binn\;C:\Program Files\Microsoft SQL Server\160\Tools\Binn\;C:\Program Files\Microsoft SQL Server\160\DTS\Binn\;C:\Program Files\dotnet\;C:\ProgramData\ComposerSetup\bin;D:\.git\Git\cmd;D:\.git\Git\bin;C:\Program Files\nodejs\;C:\Program Files\TortoiseGit\bin;C:\Users\Admin\AppData\Local\Programs\Python\Python314\Scripts\;C:\Users\Admin\AppData\Local\Programs\Python\Python314\;C:\Users\Admin\AppData\Local\Programs\Python\Launcher\;C:\Users\Admin\AppData\Local\Flutter\flutter\bin;C:\Users\Admin\AppData\Local\Microsoft\WindowsApps;C:\Users\Admin\AppData\Local\Programs\Microsoft VS Code\bin;C:\Users\Admin\.dotnet\tools;C:\Users\Admin\AppData\Roaming\Composer\vendor\bin;C:\Users\Admin\AppData\Roaming\npm;C:\Users\Admin\AppData\Local\GitHubDesktop\bin;C:\Users\Admin\AppData\Local\Microsoft\WinGet\Packages\DenoLand.Deno_Microsoft.Winget.Source_8wekyb3d8bbwe;C:\Users\Admin\AppData\Local\Microsoft\WinGet\Packages\yt-dlp.FFmpeg_Microsoft.Winget.Source_8wekyb3d8bbwe\ffmpeg-N-122319-gf6a95c7eb7-win64-gpl/bin;C:\Users\Admin\AppData\Local\Microsoft\WinGet\Packages\yt-dlp.yt-dlp_Microsoft.Winget.Source_8wekyb3d8bbwe;
USERNAME=Admin
OS=Windows_NT
PROCESSOR_IDENTIFIER=AMD64 Family 25 Model 80 Stepping 0, AuthenticAMD
TMP=C:\Users\Admin\AppData\Local\Temp
TEMP=C:\Users\Admin\AppData\Local\Temp




Periodic native trim disabled

---------------  S Y S T E M  ---------------

OS:
 Windows 11 , 64 bit Build 22621 (10.0.22621.5415)
OS uptime: 0 days 4:02 hours
Hyper-V role detected

CPU: total 16 (initial active 16) (16 cores per cpu, 2 threads per core) family 25 model 80 stepping 0 microcode 0x0, cx8, cmov, fxsr, ht, mmx, 3dnowpref, sse, sse2, sse3, ssse3, sse4a, sse4.1, sse4.2, popcnt, lzcnt, tsc, tscinvbit, avx, avx2, aes, erms, clmul, bmi1, bmi2, adx, sha, fma, vzeroupper, clflush, clflushopt, hv, rdtscp, rdpid, fsrm, f16c, cet_ss
Processor Information for the first 16 processors :
  Max Mhz: 3201, Current Mhz: 3201, Mhz Limit: 3201

Memory: 4k page, system-wide physical 15754M (2874M free)
TotalPageFile size 19068M (AvailPageFile size 12M)
current process WorkingSet (physical memory assigned to process): 583M, peak: 583M
current process commit charge ("private bytes"): 672M, peak: 673M

vm_info: OpenJDK 64-Bit Server VM (21.0.10+7-LTS) for windows-amd64 JRE (21.0.10+7-LTS), built on 2026-01-20T00:00:00Z by "admin" with MS VC++ 17.12 (VS2022)

END.
