#
# There is insufficient memory for the Java Runtime Environment to continue.
# Native memory allocation (malloc) failed to allocate 1152464 bytes. Error detail: Chunk::new
# Possible reasons:
#   The system is out of physical RAM or swap space
#   This process is running with CompressedOops enabled, and the Java Heap may be blocking the growth of the native heap
# Possible solutions:
#   Reduce memory load on the system
#   Increase physical memory or swap space
#   Check if swap backing store is full
#   Decrease Java heap size (-Xmx/-Xms)
#   Decrease number of Java threads
#   Decrease Java thread stack sizes (-Xss)
#   Set larger code cache with -XX:ReservedCodeCacheSize=
#   JVM is running with Unscaled Compressed Oops mode in which the Java heap is
#     placed in the first 4GB address space. The Java Heap base address is the
#     maximum limit for the native heap growth. Please use -XX:HeapBaseMinAddress
#     to set the Java Heap base and to place the Java Heap above 4GB virtual address.
# This output file may be truncated or incomplete.
#
#  Out of Memory Error (arena.cpp:168), pid=21704, tid=16176
#
# JRE version: OpenJDK Runtime Environment Temurin-21.0.10+7 (21.0.10+7) (build 21.0.10+7-LTS)
# Java VM: OpenJDK 64-Bit Server VM Temurin-21.0.10+7 (21.0.10+7-LTS, mixed mode, sharing, tiered, compressed oops, compressed class ptrs, parallel gc, windows-amd64)
# No core dump will be written. Minidumps are not enabled by default on client versions of Windows
#

---------------  S U M M A R Y ------------

Command Line: --add-modules=ALL-SYSTEM --add-opens=java.base/java.util=ALL-UNNAMED --add-opens=java.base/java.lang=ALL-UNNAMED --add-opens=java.base/sun.nio.fs=ALL-UNNAMED -Declipse.application=org.eclipse.jdt.ls.core.id1 -Dosgi.bundles.defaultStartLevel=4 -Declipse.product=org.eclipse.jdt.ls.core.product -Djava.import.generatesMetadataFilesAtProjectRoot=false -DDetectVMInstallationsJob.disabled=true -Dfile.encoding=utf8 -XX:+UseParallelGC -XX:GCTimeRatio=4 -XX:AdaptiveSizePolicyWeight=90 -Dsun.zip.disableMemoryMapping=true -Xmx2G -Xms100m -Xlog:disable -javaagent:c:\Users\Admin\.vscode\extensions\redhat.java-1.53.0-win32-x64\lombok\lombok-1.18.39-4050.jar -XX:+HeapDumpOnOutOfMemoryError -XX:HeapDumpPath=c:\Users\Admin\AppData\Roaming\Code\User\workspaceStorage\27ed9c58f42c24c22845d3deae77e5f9\redhat.java -Daether.dependencyCollector.impl=bf c:\Users\Admin\.vscode\extensions\redhat.java-1.53.0-win32-x64\server\plugins\org.eclipse.equinox.launcher_1.7.100.v20251111-0406.jar -configuration c:\Users\Admin\AppData\Roaming\Code\User\globalStorage\redhat.java\1.53.0\config_win -data c:\Users\Admin\AppData\Roaming\Code\User\workspaceStorage\27ed9c58f42c24c22845d3deae77e5f9\redhat.java\jdt_ws --pipe=\\.\pipe\lsp-22b80727b25fc566a9eeabe73b97f931-sock

Host: AMD Ryzen 7 5800H with Radeon Graphics         , 16 cores, 15G,  Windows 11 , 64 bit Build 22621 (10.0.22621.5415)
Time: Sun Apr  5 22:30:00 2026 SE Asia Standard Time elapsed time: 298.759868 seconds (0d 0h 4m 58s)

---------------  T H R E A D  ---------------

Current thread (0x000001a7f6608440):  JavaThread "C2 CompilerThread3" daemon [_thread_in_native, id=16176, stack(0x0000006b9fe00000,0x0000006b9ff00000) (1024K)]


Current CompileTask:
C2:298759 19893   !   4       lombok.core.FieldAugment$ReflectionFieldAugment::get (61 bytes)

Stack: [0x0000006b9fe00000,0x0000006b9ff00000]
Native frames: (J=compiled Java code, j=interpreted, Vv=VM code, C=native code)
V  [jvm.dll+0x6d7a39]
V  [jvm.dll+0x8b4b26]
V  [jvm.dll+0x8b70de]
V  [jvm.dll+0x8b77c3]
V  [jvm.dll+0x284346]
V  [jvm.dll+0xc66ed]
V  [jvm.dll+0xc6c31]
V  [jvm.dll+0x3bec3b]
V  [jvm.dll+0x1e3f69]
V  [jvm.dll+0x24c6b3]
V  [jvm.dll+0x24bb40]
V  [jvm.dll+0x1cb34e]
V  [jvm.dll+0x25b85d]
V  [jvm.dll+0x259dea]
V  [jvm.dll+0x3f857e]
V  [jvm.dll+0x85f59d]
V  [jvm.dll+0x6d626d]
C  [ucrtbase.dll+0x29333]
C  [KERNEL32.DLL+0x1259d]
C  [ntdll.dll+0x5af78]


---------------  P R O C E S S  ---------------

Threads class SMR info:
_java_thread_list=0x000001a7ff0f1500, length=116, elements={
0x000001a7dc3c8f90, 0x000001a7de8d37d0, 0x000001a7de7de700, 0x000001a7de8d5b10,
0x000001a7de8d6cb0, 0x000001a7de8db3b0, 0x000001a7de8e0ed0, 0x000001a7de8e55d0,
0x000001a7de8e62f0, 0x000001a7f679b200, 0x000001a7f68f0ec0, 0x000001a7fc7c7990,
0x000001a7fc462280, 0x000001a7fc9414a0, 0x000001a7fcad3d70, 0x000001a7fd128070,
0x000001a7fd1ee340, 0x000001a7fd07b3c0, 0x000001a7fce3fb40, 0x000001a7fce40860,
0x000001a7fce41c10, 0x000001a7fce42930, 0x000001a7fe082400, 0x000001a7fe081050,
0x000001a7fe07e8f0, 0x000001a7fe080330, 0x000001a7fe0816e0, 0x000001a7fe081d70,
0x000001a7fe07d540, 0x000001a7fe07f610, 0x000001a7fe082a90, 0x000001a7fe084b60,
0x000001a7fe083120, 0x000001a7fe0809c0, 0x000001a7fe0837b0, 0x000001a7fe083e40,
0x000001a7fe07dbd0, 0x000001a7fe07e260, 0x000001a7fe07fca0, 0x000001a7fe0844d0,
0x000001a7fe07ef80, 0x000001a7c2a25070, 0x000001a7c2a28b80, 0x000001a7c2a23cc0,
0x000001a7c2a27140, 0x000001a7c2a2ac50, 0x000001a7c2a284f0, 0x000001a7c2a277d0,
0x000001a7c2a29210, 0x000001a7c2a25700, 0x000001a7c2a26ab0, 0x000001a7c2a29f30,
0x000001a7c2a2b2e0, 0x000001a7c2a26420, 0x000001a7c509dde0, 0x000001a7c509aff0,
0x000001a7c509ca30, 0x000001a7c509bd10, 0x000001a7c5099c40, 0x000001a7c509a2d0,
0x000001a7c509b680, 0x000001a7c5096e50, 0x000001a7c509c3a0, 0x000001a7c509a960,
0x000001a7c509e470, 0x000001a7c509d0c0, 0x000001a7c50995b0, 0x000001a7c509d750,
0x000001a7c50974e0, 0x000001a7c5477540, 0x000001a7c5476190, 0x000001a7fd219de0,
0x000001a7fd21cbd0, 0x000001a7fd2190c0, 0x000001a7fd219750, 0x000001a7fd21b820,
0x000001a7fd216ff0, 0x000001a7fd21a470, 0x000001a7fd218a30, 0x000001a7f660dcd0,
0x000001a7fd21d8f0, 0x000001a7fd21ab00, 0x000001a7fd21b190, 0x000001a7fd21c540,
0x000001a7fd21d260, 0x000001a7fd21e610, 0x000001a7fd21df80, 0x000001a7fd217d10,
0x000001a7fd2183a0, 0x000001a7c2a249e0, 0x000001a7c2a27e60, 0x000001a7c2a298a0,
0x000001a7c2a2a5c0, 0x000001a7f6606fd0, 0x000001a7f660e3a0, 0x000001a7f6608440,
0x000001a7f6609f80, 0x000001a7f66076a0, 0x000001a7f6608b10, 0x000001a7f6607d70,
0x000001a7f66098b0, 0x000001a7fce401d0, 0x000001a7fce40ef0, 0x000001a7fce422a0,
0x000001a7fce41580, 0x000001a7c5098f20, 0x000001a7cd8e47a0, 0x000001a7cd8e1320,
0x000001a7cd8e4110, 0x000001a7cd8e19b0, 0x000001a7cd8e3a80, 0x000001a7cd8e2040,
0x000001a7cd8e26d0, 0x000001a7cd8e33f0, 0x000001a7c11fb9d0, 0x000001a7c11ff4e0
}

Java Threads: ( => current thread )
  0x000001a7dc3c8f90 JavaThread "main"                              [_thread_blocked, id=19820, stack(0x0000006b99200000,0x0000006b99300000) (1024K)]
  0x000001a7de8d37d0 JavaThread "Reference Handler"          daemon [_thread_blocked, id=2644, stack(0x0000006b99600000,0x0000006b99700000) (1024K)]
  0x000001a7de7de700 JavaThread "Finalizer"                  daemon [_thread_blocked, id=356, stack(0x0000006b99700000,0x0000006b99800000) (1024K)]
  0x000001a7de8d5b10 JavaThread "Signal Dispatcher"          daemon [_thread_blocked, id=24244, stack(0x0000006b99800000,0x0000006b99900000) (1024K)]
  0x000001a7de8d6cb0 JavaThread "Attach Listener"            daemon [_thread_blocked, id=2200, stack(0x0000006b99900000,0x0000006b99a00000) (1024K)]
  0x000001a7de8db3b0 JavaThread "Service Thread"             daemon [_thread_blocked, id=21812, stack(0x0000006b99a00000,0x0000006b99b00000) (1024K)]
  0x000001a7de8e0ed0 JavaThread "Monitor Deflation Thread"   daemon [_thread_blocked, id=6400, stack(0x0000006b99b00000,0x0000006b99c00000) (1024K)]
  0x000001a7de8e55d0 JavaThread "C2 CompilerThread0"         daemon [_thread_blocked, id=19240, stack(0x0000006b99c00000,0x0000006b99d00000) (1024K)]
  0x000001a7de8e62f0 JavaThread "C1 CompilerThread0"         daemon [_thread_in_native, id=2268, stack(0x0000006b99d00000,0x0000006b99e00000) (1024K)]
  0x000001a7f679b200 JavaThread "Common-Cleaner"             daemon [_thread_blocked, id=16564, stack(0x0000006b9a000000,0x0000006b9a100000) (1024K)]
  0x000001a7f68f0ec0 JavaThread "Notification Thread"        daemon [_thread_blocked, id=20800, stack(0x0000006b9a300000,0x0000006b9a400000) (1024K)]
  0x000001a7fc7c7990 JavaThread "Active Thread: Equinox Container: c2990529-cbf4-4e43-bcb7-e01a3326aeca"        [_thread_blocked, id=18472, stack(0x0000006b9ac00000,0x0000006b9ad00000) (1024K)]
  0x000001a7fc462280 JavaThread "Refresh Thread: Equinox Container: c2990529-cbf4-4e43-bcb7-e01a3326aeca" daemon [_thread_blocked, id=19568, stack(0x0000006b9ae00000,0x0000006b9af00000) (1024K)]
  0x000001a7fc9414a0 JavaThread "Framework Event Dispatcher: Equinox Container: c2990529-cbf4-4e43-bcb7-e01a3326aeca" daemon [_thread_blocked, id=21852, stack(0x0000006b9af00000,0x0000006b9b000000) (1024K)]
  0x000001a7fcad3d70 JavaThread "Start Level: Equinox Container: c2990529-cbf4-4e43-bcb7-e01a3326aeca" daemon [_thread_blocked, id=3936, stack(0x0000006b9b000000,0x0000006b9b100000) (1024K)]
  0x000001a7fd128070 JavaThread "Bundle File Closer"         daemon [_thread_blocked, id=15948, stack(0x0000006b9b400000,0x0000006b9b500000) (1024K)]
  0x000001a7fd1ee340 JavaThread "SCR Component Actor"        daemon [_thread_blocked, id=22792, stack(0x0000006b9b500000,0x0000006b9b600000) (1024K)]
  0x000001a7fd07b3c0 JavaThread "Worker-JM"                         [_thread_blocked, id=18344, stack(0x0000006b9b600000,0x0000006b9b700000) (1024K)]
  0x000001a7fce3fb40 JavaThread "JNA Cleaner"                daemon [_thread_blocked, id=20304, stack(0x0000006b9b800000,0x0000006b9b900000) (1024K)]
  0x000001a7fce40860 JavaThread "Java indexing"              daemon [_thread_blocked, id=18544, stack(0x0000006b9bc00000,0x0000006b9bd00000) (1024K)]
  0x000001a7fce41c10 JavaThread "Thread-1"                   daemon [_thread_in_native, id=16344, stack(0x0000006b9c100000,0x0000006b9c200000) (1024K)]
  0x000001a7fce42930 JavaThread "Thread-2"                   daemon [_thread_in_native, id=4216, stack(0x0000006b9c200000,0x0000006b9c300000) (1024K)]
  0x000001a7fe082400 JavaThread "Thread-3"                   daemon [_thread_in_native, id=14904, stack(0x0000006b9c300000,0x0000006b9c400000) (1024K)]
  0x000001a7fe081050 JavaThread "Thread-4"                   daemon [_thread_in_native, id=20108, stack(0x0000006b9c400000,0x0000006b9c500000) (1024K)]
  0x000001a7fe07e8f0 JavaThread "Thread-5"                   daemon [_thread_in_native, id=7524, stack(0x0000006b9c500000,0x0000006b9c600000) (1024K)]
  0x000001a7fe080330 JavaThread "Thread-6"                   daemon [_thread_in_native, id=20628, stack(0x0000006b9c600000,0x0000006b9c700000) (1024K)]
  0x000001a7fe0816e0 JavaThread "Thread-7"                   daemon [_thread_in_native, id=22600, stack(0x0000006b9c700000,0x0000006b9c800000) (1024K)]
  0x000001a7fe081d70 JavaThread "Thread-8"                   daemon [_thread_in_native, id=20188, stack(0x0000006b9c800000,0x0000006b9c900000) (1024K)]
  0x000001a7fe07d540 JavaThread "Thread-9"                   daemon [_thread_in_native, id=21752, stack(0x0000006b9c900000,0x0000006b9ca00000) (1024K)]
  0x000001a7fe07f610 JavaThread "Thread-10"                  daemon [_thread_in_native, id=20624, stack(0x0000006b9ca00000,0x0000006b9cb00000) (1024K)]
  0x000001a7fe082a90 JavaThread "Thread-11"                  daemon [_thread_in_native, id=22848, stack(0x0000006b9cb00000,0x0000006b9cc00000) (1024K)]
  0x000001a7fe084b60 JavaThread "Thread-12"                  daemon [_thread_in_native, id=3168, stack(0x0000006b9cc00000,0x0000006b9cd00000) (1024K)]
  0x000001a7fe083120 JavaThread "Thread-13"                  daemon [_thread_in_native, id=7060, stack(0x0000006b9cd00000,0x0000006b9ce00000) (1024K)]
  0x000001a7fe0809c0 JavaThread "Thread-14"                  daemon [_thread_in_native, id=20232, stack(0x0000006b9ce00000,0x0000006b9cf00000) (1024K)]
  0x000001a7fe0837b0 JavaThread "Thread-15"                  daemon [_thread_in_native, id=10316, stack(0x0000006b9cf00000,0x0000006b9d000000) (1024K)]
  0x000001a7fe083e40 JavaThread "Thread-16"                  daemon [_thread_in_native, id=7316, stack(0x0000006b9d000000,0x0000006b9d100000) (1024K)]
  0x000001a7fe07dbd0 JavaThread "Thread-17"                  daemon [_thread_in_native, id=21360, stack(0x0000006b9d100000,0x0000006b9d200000) (1024K)]
  0x000001a7fe07e260 JavaThread "pool-2-thread-1"                   [_thread_blocked, id=20604, stack(0x0000006b9d500000,0x0000006b9d600000) (1024K)]
  0x000001a7fe07fca0 JavaThread "WorkspaceEventsHandler"            [_thread_blocked, id=20064, stack(0x0000006b9d700000,0x0000006b9d800000) (1024K)]
  0x000001a7fe0844d0 JavaThread "pool-1-thread-1"                   [_thread_blocked, id=20820, stack(0x0000006b9d800000,0x0000006b9d900000) (1024K)]
  0x000001a7fe07ef80 JavaThread "ForkJoinPool.commonPool-worker-1" daemon [_thread_blocked, id=19340, stack(0x0000006b9d900000,0x0000006b9da00000) (1024K)]
  0x000001a7c2a25070 JavaThread "ForkJoinPool.commonPool-worker-2" daemon [_thread_blocked, id=7200, stack(0x0000006b9da00000,0x0000006b9db00000) (1024K)]
  0x000001a7c2a28b80 JavaThread "ForkJoinPool.commonPool-worker-3" daemon [_thread_blocked, id=20396, stack(0x0000006b9db00000,0x0000006b9dc00000) (1024K)]
  0x000001a7c2a23cc0 JavaThread "ForkJoinPool.commonPool-worker-4" daemon [_thread_blocked, id=16356, stack(0x0000006b9dc00000,0x0000006b9dd00000) (1024K)]
  0x000001a7c2a27140 JavaThread "ForkJoinPool.commonPool-worker-6" daemon [_thread_blocked, id=20364, stack(0x0000006b9de00000,0x0000006b9df00000) (1024K)]
  0x000001a7c2a2ac50 JavaThread "ForkJoinPool.commonPool-worker-7" daemon [_thread_blocked, id=21088, stack(0x0000006b9df00000,0x0000006b9e000000) (1024K)]
  0x000001a7c2a284f0 JavaThread "ForkJoinPool.commonPool-worker-8" daemon [_thread_blocked, id=19256, stack(0x0000006b9e000000,0x0000006b9e100000) (1024K)]
  0x000001a7c2a277d0 JavaThread "ForkJoinPool.commonPool-worker-9" daemon [_thread_blocked, id=5344, stack(0x0000006b9e100000,0x0000006b9e200000) (1024K)]
  0x000001a7c2a29210 JavaThread "ForkJoinPool.commonPool-worker-10" daemon [_thread_blocked, id=2996, stack(0x0000006b9e200000,0x0000006b9e300000) (1024K)]
  0x000001a7c2a25700 JavaThread "ForkJoinPool.commonPool-worker-12" daemon [_thread_blocked, id=21620, stack(0x0000006b9e400000,0x0000006b9e500000) (1024K)]
  0x000001a7c2a26ab0 JavaThread "ForkJoinPool.commonPool-worker-13" daemon [_thread_blocked, id=23296, stack(0x0000006b9e500000,0x0000006b9e600000) (1024K)]
  0x000001a7c2a29f30 JavaThread "ForkJoinPool.commonPool-worker-14" daemon [_thread_blocked, id=3460, stack(0x0000006b9e600000,0x0000006b9e700000) (1024K)]
  0x000001a7c2a2b2e0 JavaThread "ForkJoinPool.commonPool-worker-15" daemon [_thread_blocked, id=21676, stack(0x0000006b9e700000,0x0000006b9e800000) (1024K)]
  0x000001a7c2a26420 JavaThread "Worker-5"                          [_thread_blocked, id=22116, stack(0x0000006b9e900000,0x0000006b9ea00000) (1024K)]
  0x000001a7c509dde0 JavaThread "Worker-6"                          [_thread_blocked, id=18304, stack(0x0000006b9ea00000,0x0000006b9eb00000) (1024K)]
  0x000001a7c509aff0 JavaThread "Compiler Source File Reader" daemon [_thread_blocked, id=7008, stack(0x0000006b9eb00000,0x0000006b9ec00000) (1024K)]
  0x000001a7c509ca30 JavaThread "Compiler Source File Reader" daemon [_thread_blocked, id=18780, stack(0x0000006b9ec00000,0x0000006b9ed00000) (1024K)]
  0x000001a7c509bd10 JavaThread "Compiler Source File Reader" daemon [_thread_blocked, id=18380, stack(0x0000006b9ed00000,0x0000006b9ee00000) (1024K)]
  0x000001a7c5099c40 JavaThread "Compiler Source File Reader" daemon [_thread_blocked, id=20292, stack(0x0000006b9ee00000,0x0000006b9ef00000) (1024K)]
  0x000001a7c509a2d0 JavaThread "Compiler Source File Reader" daemon [_thread_blocked, id=24536, stack(0x0000006b9ef00000,0x0000006b9f000000) (1024K)]
  0x000001a7c509b680 JavaThread "Compiler Source File Reader" daemon [_thread_blocked, id=21028, stack(0x0000006b9f000000,0x0000006b9f100000) (1024K)]
  0x000001a7c5096e50 JavaThread "Compiler Source File Reader" daemon [_thread_blocked, id=19852, stack(0x0000006b9f100000,0x0000006b9f200000) (1024K)]
  0x000001a7c509c3a0 JavaThread "Compiler Source File Reader" daemon [_thread_blocked, id=18148, stack(0x0000006b9f200000,0x0000006b9f300000) (1024K)]
  0x000001a7c509a960 JavaThread "Compiler Source File Reader" daemon [_thread_blocked, id=12972, stack(0x0000006b9f300000,0x0000006b9f400000) (1024K)]
  0x000001a7c509e470 JavaThread "Compiler Source File Reader" daemon [_thread_blocked, id=6556, stack(0x0000006b9f400000,0x0000006b9f500000) (1024K)]
  0x000001a7c509d0c0 JavaThread "Compiler Source File Reader" daemon [_thread_blocked, id=9140, stack(0x0000006b9f500000,0x0000006b9f600000) (1024K)]
  0x000001a7c50995b0 JavaThread "Compiler Source File Reader" daemon [_thread_blocked, id=17424, stack(0x0000006b9f600000,0x0000006b9f700000) (1024K)]
  0x000001a7c509d750 JavaThread "Compiler Source File Reader" daemon [_thread_blocked, id=19756, stack(0x0000006b9f700000,0x0000006b9f800000) (1024K)]
  0x000001a7c50974e0 JavaThread "Compiler Source File Reader" daemon [_thread_blocked, id=1460, stack(0x0000006b9f800000,0x0000006b9f900000) (1024K)]
  0x000001a7c5477540 JavaThread "Cleaner-0"                  daemon [_thread_blocked, id=20152, stack(0x0000006b9fb00000,0x0000006b9fc00000) (1024K)]
  0x000001a7c5476190 JavaThread "Java Debug Server"          daemon [_thread_in_native, id=8156, stack(0x0000006b99f00000,0x0000006b9a000000) (1024K)]
  0x000001a7fd219de0 JavaThread "RxSchedulerPurge-1"         daemon [_thread_blocked, id=7024, stack(0x0000006b9a200000,0x0000006b9a300000) (1024K)]
  0x000001a7fd21cbd0 JavaThread "RxCachedWorkerPoolEvictor-1" daemon [_thread_blocked, id=9980, stack(0x0000006b9a400000,0x0000006b9a500000) (1024K)]
  0x000001a7fd2190c0 JavaThread "Worker-7: Building"                [_thread_blocked, id=16116, stack(0x0000006b98f00000,0x0000006b99000000) (1024K)]
  0x000001a7fd219750 JavaThread "Worker-8"                          [_thread_blocked, id=17300, stack(0x0000006b99100000,0x0000006b99200000) (1024K)]
  0x000001a7fd21b820 JavaThread "LocalFile Deleter"          daemon [_thread_blocked, id=17356, stack(0x0000006b99e00000,0x0000006b99f00000) (1024K)]
  0x000001a7fd216ff0 JavaThread "LocalFile Deleter"          daemon [_thread_blocked, id=3616, stack(0x0000006b9a100000,0x0000006b9a200000) (1024K)]
  0x000001a7fd21a470 JavaThread "LocalFile Deleter"          daemon [_thread_blocked, id=8396, stack(0x0000006b9b900000,0x0000006b9ba00000) (1024K)]
  0x000001a7fd218a30 JavaThread "Worker-9"                          [_thread_blocked, id=6084, stack(0x0000006b9bb00000,0x0000006b9bc00000) (1024K)]
  0x000001a7f660dcd0 JavaThread "C2 CompilerThread1"         daemon [_thread_in_native, id=22608, stack(0x0000006b99000000,0x0000006b99100000) (1024K)]
  0x000001a7fd21d8f0 JavaThread "LocalFile Deleter"          daemon [_thread_blocked, id=21732, stack(0x0000006b9ba00000,0x0000006b9bb00000) (1024K)]
  0x000001a7fd21ab00 JavaThread "LocalFile Deleter"          daemon [_thread_blocked, id=11764, stack(0x0000006b9bd00000,0x0000006b9be00000) (1024K)]
  0x000001a7fd21b190 JavaThread "LocalFile Deleter"          daemon [_thread_blocked, id=21540, stack(0x0000006b9be00000,0x0000006b9bf00000) (1024K)]
  0x000001a7fd21c540 JavaThread "LocalFile Deleter"          daemon [_thread_blocked, id=20288, stack(0x0000006b9bf00000,0x0000006b9c000000) (1024K)]
  0x000001a7fd21d260 JavaThread "LocalFile Deleter"          daemon [_thread_blocked, id=16748, stack(0x0000006b9c000000,0x0000006b9c100000) (1024K)]
  0x000001a7fd21e610 JavaThread "LocalFile Deleter"          daemon [_thread_blocked, id=6984, stack(0x0000006b9d200000,0x0000006b9d300000) (1024K)]
  0x000001a7fd21df80 JavaThread "LocalFile Deleter"          daemon [_thread_blocked, id=9468, stack(0x0000006b9d300000,0x0000006b9d400000) (1024K)]
  0x000001a7fd217d10 JavaThread "LocalFile Deleter"          daemon [_thread_blocked, id=20780, stack(0x0000006b9d400000,0x0000006b9d500000) (1024K)]
  0x000001a7fd2183a0 JavaThread "LocalFile Deleter"          daemon [_thread_blocked, id=20736, stack(0x0000006b9d600000,0x0000006b9d700000) (1024K)]
  0x000001a7c2a249e0 JavaThread "LocalFile Deleter"          daemon [_thread_blocked, id=7084, stack(0x0000006b9dd00000,0x0000006b9de00000) (1024K)]
  0x000001a7c2a27e60 JavaThread "LocalFile Deleter"          daemon [_thread_blocked, id=18640, stack(0x0000006b9e300000,0x0000006b9e400000) (1024K)]
  0x000001a7c2a298a0 JavaThread "LocalFile Deleter"          daemon [_thread_blocked, id=23612, stack(0x0000006b9e800000,0x0000006b9e900000) (1024K)]
  0x000001a7c2a2a5c0 JavaThread "LocalFile Deleter"          daemon [_thread_blocked, id=2184, stack(0x0000006b9f900000,0x0000006b9fa00000) (1024K)]
  0x000001a7f6606fd0 JavaThread "C1 CompilerThread1"         daemon [_thread_blocked, id=17916, stack(0x0000006b9fc00000,0x0000006b9fd00000) (1024K)]
  0x000001a7f660e3a0 JavaThread "C2 CompilerThread2"         daemon [_thread_in_native, id=10244, stack(0x0000006b9fd00000,0x0000006b9fe00000) (1024K)]
=>0x000001a7f6608440 JavaThread "C2 CompilerThread3"         daemon [_thread_in_native, id=16176, stack(0x0000006b9fe00000,0x0000006b9ff00000) (1024K)]
  0x000001a7f6609f80 JavaThread "C2 CompilerThread4"         daemon [_thread_in_native, id=8504, stack(0x0000006b9ff00000,0x0000006ba0000000) (1024K)]
  0x000001a7f66076a0 JavaThread "C2 CompilerThread5"         daemon [_thread_in_native, id=15712, stack(0x0000006ba0000000,0x0000006ba0100000) (1024K)]
  0x000001a7f6608b10 JavaThread "C2 CompilerThread6"         daemon [_thread_in_native, id=14120, stack(0x0000006ba0100000,0x0000006ba0200000) (1024K)]
  0x000001a7f6607d70 JavaThread "C2 CompilerThread7"         daemon [_thread_in_native, id=7324, stack(0x0000006ba0200000,0x0000006ba0300000) (1024K)]
  0x000001a7f66098b0 JavaThread "C1 CompilerThread2"         daemon [_thread_in_native, id=17672, stack(0x0000006ba0300000,0x0000006ba0400000) (1024K)]
  0x000001a7fce401d0 JavaThread "Compiler Processing Task"   daemon [_thread_in_Java, id=10732, stack(0x0000006ba0400000,0x0000006ba0500000) (1024K)]
  0x000001a7fce40ef0 JavaThread "Compiler Class File Writer" daemon [_thread_blocked, id=22632, stack(0x0000006ba0500000,0x0000006ba0600000) (1024K)]
  0x000001a7fce422a0 JavaThread "Compiler Class File Writer" daemon [_thread_blocked, id=13456, stack(0x0000006ba0600000,0x0000006ba0700000) (1024K)]
  0x000001a7fce41580 JavaThread "Compiler Class File Writer" daemon [_thread_blocked, id=4064, stack(0x0000006ba0700000,0x0000006ba0800000) (1024K)]
  0x000001a7c5098f20 JavaThread "Compiler Class File Writer" daemon [_thread_blocked, id=20740, stack(0x0000006ba0800000,0x0000006ba0900000) (1024K)]
  0x000001a7cd8e47a0 JavaThread "Compiler Class File Writer" daemon [_thread_blocked, id=20712, stack(0x0000006ba0900000,0x0000006ba0a00000) (1024K)]
  0x000001a7cd8e1320 JavaThread "Compiler Class File Writer" daemon [_thread_blocked, id=20376, stack(0x0000006ba0a00000,0x0000006ba0b00000) (1024K)]
  0x000001a7cd8e4110 JavaThread "Compiler Class File Writer" daemon [_thread_blocked, id=23816, stack(0x0000006ba0b00000,0x0000006ba0c00000) (1024K)]
  0x000001a7cd8e19b0 JavaThread "Compiler Class File Writer" daemon [_thread_blocked, id=19996, stack(0x0000006ba0c00000,0x0000006ba0d00000) (1024K)]
  0x000001a7cd8e3a80 JavaThread "Compiler Class File Writer" daemon [_thread_blocked, id=22424, stack(0x0000006ba0d00000,0x0000006ba0e00000) (1024K)]
  0x000001a7cd8e2040 JavaThread "Compiler Class File Writer" daemon [_thread_blocked, id=17920, stack(0x0000006ba0e00000,0x0000006ba0f00000) (1024K)]
  0x000001a7cd8e26d0 JavaThread "Compiler Class File Writer" daemon [_thread_blocked, id=24384, stack(0x0000006ba0f00000,0x0000006ba1000000) (1024K)]
  0x000001a7cd8e33f0 JavaThread "Compiler Class File Writer" daemon [_thread_blocked, id=4832, stack(0x0000006ba1000000,0x0000006ba1100000) (1024K)]
  0x000001a7c11fb9d0 JavaThread "Compiler Class File Writer" daemon [_thread_blocked, id=5236, stack(0x0000006ba1100000,0x0000006ba1200000) (1024K)]
  0x000001a7c11ff4e0 JavaThread "Compiler Class File Writer" daemon [_thread_blocked, id=19460, stack(0x0000006ba1200000,0x0000006ba1300000) (1024K)]
Total: 116

Other Threads:
  0x000001a7f6593f90 VMThread "VM Thread"                           [id=20284, stack(0x0000006b99500000,0x0000006b99600000) (1024K)]
  0x000001a7de6bba00 WatcherThread "VM Periodic Task Thread"        [id=11804, stack(0x0000006b99400000,0x0000006b99500000) (1024K)]
  0x000001a7de84f050 WorkerThread "GC Thread#0"                     [id=1708, stack(0x0000006b99300000,0x0000006b99400000) (1024K)]
  0x000001a7fc562d50 WorkerThread "GC Thread#1"                     [id=22304, stack(0x0000006b9a500000,0x0000006b9a600000) (1024K)]
  0x000001a7fc707280 WorkerThread "GC Thread#2"                     [id=6596, stack(0x0000006b9a600000,0x0000006b9a700000) (1024K)]
  0x000001a7fc707630 WorkerThread "GC Thread#3"                     [id=19260, stack(0x0000006b9a700000,0x0000006b9a800000) (1024K)]
  0x000001a7fc7079e0 WorkerThread "GC Thread#4"                     [id=19492, stack(0x0000006b9a800000,0x0000006b9a900000) (1024K)]
  0x000001a7fc707d90 WorkerThread "GC Thread#5"                     [id=3236, stack(0x0000006b9a900000,0x0000006b9aa00000) (1024K)]
  0x000001a7fc14af60 WorkerThread "GC Thread#6"                     [id=24364, stack(0x0000006b9aa00000,0x0000006b9ab00000) (1024K)]
  0x000001a7fc7c8910 WorkerThread "GC Thread#7"                     [id=24472, stack(0x0000006b9ad00000,0x0000006b9ae00000) (1024K)]
  0x000001a7fcc71000 WorkerThread "GC Thread#8"                     [id=17572, stack(0x0000006b9b100000,0x0000006b9b200000) (1024K)]
  0x000001a7fcbf3030 WorkerThread "GC Thread#9"                     [id=16572, stack(0x0000006b9b200000,0x0000006b9b300000) (1024K)]
  0x000001a7fcbf33e0 WorkerThread "GC Thread#10"                    [id=15768, stack(0x0000006b9b300000,0x0000006b9b400000) (1024K)]
  0x000001a7fce49fe0 WorkerThread "GC Thread#11"                    [id=14084, stack(0x0000006b9ab00000,0x0000006b9ac00000) (1024K)]
  0x000001a7fce4a390 WorkerThread "GC Thread#12"                    [id=18568, stack(0x0000006b9b700000,0x0000006b9b800000) (1024K)]
Total: 15

Threads with active compile tasks:
C2 CompilerThread0  298785 20119       4       org.eclipse.jdt.internal.compiler.lookup.Scope::findMethodInSuperInterfaces (407 bytes)
C2 CompilerThread1  298785 20049       4       org.eclipse.jdt.internal.compiler.lookup.Scope::findMemberType (723 bytes)
C2 CompilerThread2  298785 19889       4       org.eclipse.jdt.internal.compiler.lookup.Scope::findField (850 bytes)
C2 CompilerThread3  298785 19893   !   4       lombok.core.FieldAugment$ReflectionFieldAugment::get (61 bytes)
C2 CompilerThread4  298785 20133       4       org.eclipse.jdt.internal.compiler.lookup.Scope::getTypeOrPackage (343 bytes)
C2 CompilerThread5  298786 20128       4       org.eclipse.jdt.internal.compiler.ast.FakedTrackingVariable::isFluentMethod (82 bytes)
C2 CompilerThread6  298786 20105   !   4       lombok.eclipse.TransformEclipseAST::getAST (64 bytes)
C2 CompilerThread7  298786 19429       4       org.eclipse.jdt.internal.compiler.lookup.BoundSet::incorporate (1350 bytes)
Total: 8

VM state: not at safepoint (normal execution)

VM Mutex/Monitor currently owned by a thread: None

Heap address: 0x0000000080000000, size: 2048 MB, Compressed Oops mode: 32-bit

CDS archive(s) mapped at: [0x000001a780000000-0x000001a780ba0000-0x000001a780ba0000), size 12189696, SharedBaseAddress: 0x000001a780000000, ArchiveRelocationMode: 1.
Compressed class space mapped at: 0x000001a781000000-0x000001a7c1000000, reserved size: 1073741824
Narrow klass base: 0x000001a780000000, Narrow klass shift: 0, Narrow klass range: 0x100000000

GC Precious Log:
 CardTable entry size: 512
 CPUs: 16 total, 16 available
 Memory: 15754M
 Large Page Support: Disabled
 NUMA Support: Disabled
 Compressed Oops: Enabled (32-bit)
 Alignments: Space 512K, Generation 512K, Heap 2M
 Heap Min Capacity: 100M
 Heap Initial Capacity: 100M
 Heap Max Capacity: 2G
 Pre-touch: Disabled
 Parallel Workers: 13

Heap:
 PSYoungGen      total 8192K, used 7234K [0x00000000d5580000, 0x00000000d5f00000, 0x0000000100000000)
  eden space 6656K, 91% used [0x00000000d5580000,0x00000000d5b70970,0x00000000d5c00000)
  from space 1536K, 75% used [0x00000000d5c00000,0x00000000d5d20000,0x00000000d5d80000)
  to   space 1536K, 0% used [0x00000000d5d80000,0x00000000d5d80000,0x00000000d5f00000)
 ParOldGen       total 249344K, used 172986K [0x0000000080000000, 0x000000008f380000, 0x00000000d5580000)
  object space 249344K, 69% used [0x0000000080000000,0x000000008a8eeba0,0x000000008f380000)
 Metaspace       used 85885K, committed 87808K, reserved 1179648K
  class space    used 8809K, committed 9664K, reserved 1048576K

Card table byte_map: [0x000001a7de1d0000,0x000001a7de5e0000] _byte_map_base: 0x000001a7dddd0000

Marking Bits: (ParMarkBitMap*) 0x00007fff13523450
 Begin Bits: [0x000001a7f0ce0000, 0x000001a7f2ce0000)
 End Bits:   [0x000001a7f2ce0000, 0x000001a7f4ce0000)

Polling page: 0x000001a7dc650000

Metaspace:

Usage:
  Non-class:     75.27 MB used.
      Class:      8.60 MB used.
       Both:     83.87 MB used.

Virtual space:
  Non-class space:      128.00 MB reserved,      76.31 MB ( 60%) committed,  2 nodes.
      Class space:        1.00 GB reserved,       9.44 MB ( <1%) committed,  1 nodes.
             Both:        1.12 GB reserved,      85.75 MB (  7%) committed. 

Chunk freelists:
   Non-Class:  3.48 MB
       Class:  6.62 MB
        Both:  10.11 MB

MaxMetaspaceSize: unlimited
CompressedClassSpaceSize: 1.00 GB
Initial GC threshold: 21.00 MB
Current GC threshold: 127.12 MB
CDS: on
 - commit_granule_bytes: 65536.
 - commit_granule_words: 8192.
 - virtual_space_node_default_size: 8388608.
 - enlarge_chunks_in_place: 1.
 - use_allocation_guard: 0.


Internal statistics:

num_allocs_failed_limit: 11.
num_arena_births: 1642.
num_arena_deaths: 28.
num_vsnodes_births: 3.
num_vsnodes_deaths: 0.
num_space_committed: 1372.
num_space_uncommitted: 0.
num_chunks_returned_to_freelist: 45.
num_chunks_taken_from_freelist: 5804.
num_chunk_merges: 22.
num_chunk_splits: 3495.
num_chunks_enlarged: 1874.
num_inconsistent_stats: 0.

CodeHeap 'non-profiled nmethods': size=119168Kb used=17167Kb max_used=17167Kb free=102000Kb
 bounds [0x000001a7e95d0000, 0x000001a7ea6a0000, 0x000001a7f0a30000]
CodeHeap 'profiled nmethods': size=119104Kb used=46355Kb max_used=46355Kb free=72748Kb
 bounds [0x000001a7e1a30000, 0x000001a7e4780000, 0x000001a7e8e80000]
CodeHeap 'non-nmethods': size=7488Kb used=2652Kb max_used=3316Kb free=4835Kb
 bounds [0x000001a7e8e80000, 0x000001a7e91d0000, 0x000001a7e95d0000]
CodeCache: size=245760Kb, used=66174Kb, max_used=66838Kb, free=179583Kb
 total_blobs=19313, nmethods=18462, adapters=749, full_count=0
Compilation: enabled, stopped_count=0, restarted_count=0

Compilation events (20 events):
Event: 298.751 Thread 0x000001a7f6606fd0 nmethod 20095 0x000001a7e475d210 code [0x000001a7e475d500, 0x000001a7e475e390]
Event: 298.751 Thread 0x000001a7de8e62f0 nmethod 20096 0x000001a7e475e910 code [0x000001a7e475eae0, 0x000001a7e475ee28]
Event: 298.751 Thread 0x000001a7f6609f80 nmethod 20094 0x000001a7ea67e790 code [0x000001a7ea67e920, 0x000001a7ea67ea90]
Event: 298.751 Thread 0x000001a7f6609f80 20092       4       org.eclipse.jdt.internal.compiler.ast.SingleNameReference::analyseCode (189 bytes)
Event: 298.751 Thread 0x000001a7f6606fd0 20097       3       java.lang.StringUTF16$LinesSpliterator::indexOfLineSeparator (44 bytes)
Event: 298.751 Thread 0x000001a7f6606fd0 nmethod 20097 0x000001a7e475f010 code [0x000001a7e475f1c0, 0x000001a7e475f410]
Event: 298.752 Thread 0x000001a7de8e62f0 20098       3       java.lang.StringUTF16::codePointAt (8 bytes)
Event: 298.752 Thread 0x000001a7f66098b0 20099       3       java.lang.StringUTF16::codePointAt (86 bytes)
Event: 298.752 Thread 0x000001a7de8e62f0 nmethod 20098 0x000001a7e475f510 code [0x000001a7e475f6c0, 0x000001a7e475f7e0]
Event: 298.753 Thread 0x000001a7f66098b0 nmethod 20099 0x000001a7e475f890 code [0x000001a7e475faa0, 0x000001a7e47601c0]
Event: 298.753 Thread 0x000001a7f6608b10 nmethod 20091 0x000001a7ea67ec10 code [0x000001a7ea67ee40, 0x000001a7ea67f358]
Event: 298.755 Thread 0x000001a7f6608b10 20100       4       org.eclipse.jdt.internal.compiler.lookup.LookupEnvironment::getTopLevelPackage (86 bytes)
Event: 298.756 Thread 0x000001a7f6606fd0 20101       3       org.eclipse.jdt.internal.compiler.lookup.SourceTypeBinding::faultInTypesForFieldsAndMethods (35 bytes)
Event: 298.756 Thread 0x000001a7de8e62f0 20102       3       org.eclipse.jdt.internal.compiler.lookup.MethodVerifier15::canSkipInheritedMethods (55 bytes)
Event: 298.756 Thread 0x000001a7f6606fd0 nmethod 20101 0x000001a7e4760490 code [0x000001a7e4760680, 0x000001a7e4760b30]
Event: 298.756 Thread 0x000001a7f6608b10 nmethod 20100 0x000001a7ea67f910 code [0x000001a7ea67faa0, 0x000001a7ea67fba8]
Event: 298.757 Thread 0x000001a7f66098b0 20103       3       org.eclipse.jdt.internal.compiler.env.NameEnvironmentAnswer::ignoreIfBetter (21 bytes)
Event: 298.757 Thread 0x000001a7f66098b0 nmethod 20103 0x000001a7e4760c90 code [0x000001a7e4760e40, 0x000001a7e4761008]
Event: 298.757 Thread 0x000001a7de8e62f0 nmethod 20102 0x000001a7e4761090 code [0x000001a7e4761340, 0x000001a7e4762870]
Event: 298.758 Thread 0x000001a7f6608b10 20104       4       org.eclipse.jdt.internal.compiler.lookup.MethodBinding::hasPolymorphicSignature (95 bytes)

GC Heap History (20 events):
Event: 297.935 GC heap before
{Heap before GC invocations=206 (full 4):
 PSYoungGen      total 8192K, used 8096K [0x00000000d5580000, 0x00000000d6100000, 0x0000000100000000)
  eden space 7680K, 100% used [0x00000000d5580000,0x00000000d5d00000,0x00000000d5d00000)
  from space 512K, 81% used [0x00000000d6000000,0x00000000d6068000,0x00000000d6080000)
  to   space 512K, 0% used [0x00000000d6080000,0x00000000d6080000,0x00000000d6100000)
 ParOldGen       total 249344K, used 164080K [0x0000000080000000, 0x000000008f380000, 0x00000000d5580000)
  object space 249344K, 65% used [0x0000000080000000,0x000000008a03c248,0x000000008f380000)
 Metaspace       used 85309K, committed 87168K, reserved 1179648K
  class space    used 8798K, committed 9600K, reserved 1048576K
}
Event: 297.936 GC heap after
{Heap after GC invocations=206 (full 4):
 PSYoungGen      total 8192K, used 512K [0x00000000d5580000, 0x00000000d6100000, 0x0000000100000000)
  eden space 7680K, 0% used [0x00000000d5580000,0x00000000d5580000,0x00000000d5d00000)
  from space 512K, 100% used [0x00000000d6080000,0x00000000d6100000,0x00000000d6100000)
  to   space 1024K, 0% used [0x00000000d5f00000,0x00000000d5f00000,0x00000000d6000000)
 ParOldGen       total 249344K, used 164328K [0x0000000080000000, 0x000000008f380000, 0x00000000d5580000)
  object space 249344K, 65% used [0x0000000080000000,0x000000008a07a248,0x000000008f380000)
 Metaspace       used 85309K, committed 87168K, reserved 1179648K
  class space    used 8798K, committed 9600K, reserved 1048576K
}
Event: 297.995 GC heap before
{Heap before GC invocations=207 (full 4):
 PSYoungGen      total 8192K, used 8192K [0x00000000d5580000, 0x00000000d6100000, 0x0000000100000000)
  eden space 7680K, 100% used [0x00000000d5580000,0x00000000d5d00000,0x00000000d5d00000)
  from space 512K, 100% used [0x00000000d6080000,0x00000000d6100000,0x00000000d6100000)
  to   space 1024K, 0% used [0x00000000d5f00000,0x00000000d5f00000,0x00000000d6000000)
 ParOldGen       total 249344K, used 164328K [0x0000000080000000, 0x000000008f380000, 0x00000000d5580000)
  object space 249344K, 65% used [0x0000000080000000,0x000000008a07a248,0x000000008f380000)
 Metaspace       used 85371K, committed 87232K, reserved 1179648K
  class space    used 8803K, committed 9600K, reserved 1048576K
}
Event: 297.997 GC heap after
{Heap after GC invocations=207 (full 4):
 PSYoungGen      total 8704K, used 1008K [0x00000000d5580000, 0x00000000d6100000, 0x0000000100000000)
  eden space 7680K, 0% used [0x00000000d5580000,0x00000000d5580000,0x00000000d5d00000)
  from space 1024K, 98% used [0x00000000d5f00000,0x00000000d5ffc030,0x00000000d6000000)
  to   space 1024K, 0% used [0x00000000d6000000,0x00000000d6000000,0x00000000d6100000)
 ParOldGen       total 249344K, used 164872K [0x0000000080000000, 0x000000008f380000, 0x00000000d5580000)
  object space 249344K, 66% used [0x0000000080000000,0x000000008a102258,0x000000008f380000)
 Metaspace       used 85371K, committed 87232K, reserved 1179648K
  class space    used 8803K, committed 9600K, reserved 1048576K
}
Event: 298.123 GC heap before
{Heap before GC invocations=208 (full 4):
 PSYoungGen      total 8704K, used 8688K [0x00000000d5580000, 0x00000000d6100000, 0x0000000100000000)
  eden space 7680K, 100% used [0x00000000d5580000,0x00000000d5d00000,0x00000000d5d00000)
  from space 1024K, 98% used [0x00000000d5f00000,0x00000000d5ffc030,0x00000000d6000000)
  to   space 1024K, 0% used [0x00000000d6000000,0x00000000d6000000,0x00000000d6100000)
 ParOldGen       total 249344K, used 164872K [0x0000000080000000, 0x000000008f380000, 0x00000000d5580000)
  object space 249344K, 66% used [0x0000000080000000,0x000000008a102258,0x000000008f380000)
 Metaspace       used 85443K, committed 87296K, reserved 1179648K
  class space    used 8803K, committed 9600K, reserved 1048576K
}
Event: 298.125 GC heap after
{Heap after GC invocations=208 (full 4):
 PSYoungGen      total 8704K, used 1008K [0x00000000d5580000, 0x00000000d6200000, 0x0000000100000000)
  eden space 7680K, 0% used [0x00000000d5580000,0x00000000d5580000,0x00000000d5d00000)
  from space 1024K, 98% used [0x00000000d6000000,0x00000000d60fc010,0x00000000d6100000)
  to   space 2560K, 0% used [0x00000000d5d00000,0x00000000d5d00000,0x00000000d5f80000)
 ParOldGen       total 249344K, used 166080K [0x0000000080000000, 0x000000008f380000, 0x00000000d5580000)
  object space 249344K, 66% used [0x0000000080000000,0x000000008a2302e8,0x000000008f380000)
 Metaspace       used 85443K, committed 87296K, reserved 1179648K
  class space    used 8803K, committed 9600K, reserved 1048576K
}
Event: 298.199 GC heap before
{Heap before GC invocations=209 (full 4):
 PSYoungGen      total 8704K, used 8688K [0x00000000d5580000, 0x00000000d6200000, 0x0000000100000000)
  eden space 7680K, 100% used [0x00000000d5580000,0x00000000d5d00000,0x00000000d5d00000)
  from space 1024K, 98% used [0x00000000d6000000,0x00000000d60fc010,0x00000000d6100000)
  to   space 2560K, 0% used [0x00000000d5d00000,0x00000000d5d00000,0x00000000d5f80000)
 ParOldGen       total 249344K, used 166080K [0x0000000080000000, 0x000000008f380000, 0x00000000d5580000)
  object space 249344K, 66% used [0x0000000080000000,0x000000008a2302e8,0x000000008f380000)
 Metaspace       used 85486K, committed 87360K, reserved 1179648K
  class space    used 8805K, committed 9600K, reserved 1048576K
}
Event: 298.201 GC heap after
{Heap after GC invocations=209 (full 4):
 PSYoungGen      total 8704K, used 896K [0x00000000d5580000, 0x00000000d6080000, 0x0000000100000000)
  eden space 7680K, 0% used [0x00000000d5580000,0x00000000d5580000,0x00000000d5d00000)
  from space 1024K, 87% used [0x00000000d5d00000,0x00000000d5de0000,0x00000000d5e00000)
  to   space 1536K, 0% used [0x00000000d5f00000,0x00000000d5f00000,0x00000000d6080000)
 ParOldGen       total 249344K, used 167017K [0x0000000080000000, 0x000000008f380000, 0x00000000d5580000)
  object space 249344K, 66% used [0x0000000080000000,0x000000008a31a7f0,0x000000008f380000)
 Metaspace       used 85486K, committed 87360K, reserved 1179648K
  class space    used 8805K, committed 9600K, reserved 1048576K
}
Event: 298.298 GC heap before
{Heap before GC invocations=210 (full 4):
 PSYoungGen      total 8704K, used 8576K [0x00000000d5580000, 0x00000000d6080000, 0x0000000100000000)
  eden space 7680K, 100% used [0x00000000d5580000,0x00000000d5d00000,0x00000000d5d00000)
  from space 1024K, 87% used [0x00000000d5d00000,0x00000000d5de0000,0x00000000d5e00000)
  to   space 1536K, 0% used [0x00000000d5f00000,0x00000000d5f00000,0x00000000d6080000)
 ParOldGen       total 249344K, used 167017K [0x0000000080000000, 0x000000008f380000, 0x00000000d5580000)
  object space 249344K, 66% used [0x0000000080000000,0x000000008a31a7f0,0x000000008f380000)
 Metaspace       used 85529K, committed 87360K, reserved 1179648K
  class space    used 8805K, committed 9600K, reserved 1048576K
}
Event: 298.300 GC heap after
{Heap after GC invocations=210 (full 4):
 PSYoungGen      total 8192K, used 1522K [0x00000000d5580000, 0x00000000d6300000, 0x0000000100000000)
  eden space 6656K, 0% used [0x00000000d5580000,0x00000000d5580000,0x00000000d5c00000)
  from space 1536K, 99% used [0x00000000d5f00000,0x00000000d607c968,0x00000000d6080000)
  to   space 3072K, 0% used [0x00000000d5c00000,0x00000000d5c00000,0x00000000d5f00000)
 ParOldGen       total 249344K, used 167934K [0x0000000080000000, 0x000000008f380000, 0x00000000d5580000)
  object space 249344K, 67% used [0x0000000080000000,0x000000008a3ff8a0,0x000000008f380000)
 Metaspace       used 85529K, committed 87360K, reserved 1179648K
  class space    used 8805K, committed 9600K, reserved 1048576K
}
Event: 298.370 GC heap before
{Heap before GC invocations=211 (full 4):
 PSYoungGen      total 8192K, used 8178K [0x00000000d5580000, 0x00000000d6300000, 0x0000000100000000)
  eden space 6656K, 100% used [0x00000000d5580000,0x00000000d5c00000,0x00000000d5c00000)
  from space 1536K, 99% used [0x00000000d5f00000,0x00000000d607c968,0x00000000d6080000)
  to   space 3072K, 0% used [0x00000000d5c00000,0x00000000d5c00000,0x00000000d5f00000)
 ParOldGen       total 249344K, used 167934K [0x0000000080000000, 0x000000008f380000, 0x00000000d5580000)
  object space 249344K, 67% used [0x0000000080000000,0x000000008a3ff8a0,0x000000008f380000)
 Metaspace       used 85593K, committed 87424K, reserved 1179648K
  class space    used 8805K, committed 9600K, reserved 1048576K
}
Event: 298.372 GC heap after
{Heap after GC invocations=211 (full 4):
 PSYoungGen      total 7680K, used 928K [0x00000000d5580000, 0x00000000d5f80000, 0x0000000100000000)
  eden space 6656K, 0% used [0x00000000d5580000,0x00000000d5580000,0x00000000d5c00000)
  from space 1024K, 90% used [0x00000000d5c00000,0x00000000d5ce8000,0x00000000d5d00000)
  to   space 1536K, 0% used [0x00000000d5e00000,0x00000000d5e00000,0x00000000d5f80000)
 ParOldGen       total 249344K, used 169316K [0x0000000080000000, 0x000000008f380000, 0x00000000d5580000)
  object space 249344K, 67% used [0x0000000080000000,0x000000008a559008,0x000000008f380000)
 Metaspace       used 85593K, committed 87424K, reserved 1179648K
  class space    used 8805K, committed 9600K, reserved 1048576K
}
Event: 298.418 GC heap before
{Heap before GC invocations=212 (full 4):
 PSYoungGen      total 7680K, used 7584K [0x00000000d5580000, 0x00000000d5f80000, 0x0000000100000000)
  eden space 6656K, 100% used [0x00000000d5580000,0x00000000d5c00000,0x00000000d5c00000)
  from space 1024K, 90% used [0x00000000d5c00000,0x00000000d5ce8000,0x00000000d5d00000)
  to   space 1536K, 0% used [0x00000000d5e00000,0x00000000d5e00000,0x00000000d5f80000)
 ParOldGen       total 249344K, used 169316K [0x0000000080000000, 0x000000008f380000, 0x00000000d5580000)
  object space 249344K, 67% used [0x0000000080000000,0x000000008a559008,0x000000008f380000)
 Metaspace       used 85702K, committed 87616K, reserved 1179648K
  class space    used 8806K, committed 9664K, reserved 1048576K
}
Event: 298.420 GC heap after
{Heap after GC invocations=212 (full 4):
 PSYoungGen      total 8192K, used 1248K [0x00000000d5580000, 0x00000000d5f80000, 0x0000000100000000)
  eden space 6656K, 0% used [0x00000000d5580000,0x00000000d5580000,0x00000000d5c00000)
  from space 1536K, 81% used [0x00000000d5e00000,0x00000000d5f38000,0x00000000d5f80000)
  to   space 1536K, 0% used [0x00000000d5c80000,0x00000000d5c80000,0x00000000d5e00000)
 ParOldGen       total 249344K, used 170036K [0x0000000080000000, 0x000000008f380000, 0x00000000d5580000)
  object space 249344K, 68% used [0x0000000080000000,0x000000008a60d0a8,0x000000008f380000)
 Metaspace       used 85702K, committed 87616K, reserved 1179648K
  class space    used 8806K, committed 9664K, reserved 1048576K
}
Event: 298.471 GC heap before
{Heap before GC invocations=213 (full 4):
 PSYoungGen      total 8192K, used 7904K [0x00000000d5580000, 0x00000000d5f80000, 0x0000000100000000)
  eden space 6656K, 100% used [0x00000000d5580000,0x00000000d5c00000,0x00000000d5c00000)
  from space 1536K, 81% used [0x00000000d5e00000,0x00000000d5f38000,0x00000000d5f80000)
  to   space 1536K, 0% used [0x00000000d5c80000,0x00000000d5c80000,0x00000000d5e00000)
 ParOldGen       total 249344K, used 170036K [0x0000000080000000, 0x000000008f380000, 0x00000000d5580000)
  object space 249344K, 68% used [0x0000000080000000,0x000000008a60d0a8,0x000000008f380000)
 Metaspace       used 85778K, committed 87680K, reserved 1179648K
  class space    used 8807K, committed 9664K, reserved 1048576K
}
Event: 298.474 GC heap after
{Heap after GC invocations=213 (full 4):
 PSYoungGen      total 8192K, used 1344K [0x00000000d5580000, 0x00000000d5f00000, 0x0000000100000000)
  eden space 6656K, 0% used [0x00000000d5580000,0x00000000d5580000,0x00000000d5c00000)
  from space 1536K, 87% used [0x00000000d5c80000,0x00000000d5dd0000,0x00000000d5e00000)
  to   space 1024K, 0% used [0x00000000d5e00000,0x00000000d5e00000,0x00000000d5f00000)
 ParOldGen       total 249344K, used 170990K [0x0000000080000000, 0x000000008f380000, 0x00000000d5580000)
  object space 249344K, 68% used [0x0000000080000000,0x000000008a6fb8b8,0x000000008f380000)
 Metaspace       used 85778K, committed 87680K, reserved 1179648K
  class space    used 8807K, committed 9664K, reserved 1048576K
}
Event: 298.571 GC heap before
{Heap before GC invocations=214 (full 4):
 PSYoungGen      total 8192K, used 8000K [0x00000000d5580000, 0x00000000d5f00000, 0x0000000100000000)
  eden space 6656K, 100% used [0x00000000d5580000,0x00000000d5c00000,0x00000000d5c00000)
  from space 1536K, 87% used [0x00000000d5c80000,0x00000000d5dd0000,0x00000000d5e00000)
  to   space 1024K, 0% used [0x00000000d5e00000,0x00000000d5e00000,0x00000000d5f00000)
 ParOldGen       total 249344K, used 170990K [0x0000000080000000, 0x000000008f380000, 0x00000000d5580000)
  object space 249344K, 68% used [0x0000000080000000,0x000000008a6fb8b8,0x000000008f380000)
 Metaspace       used 85811K, committed 87744K, reserved 1179648K
  class space    used 8807K, committed 9664K, reserved 1048576K
}
Event: 298.573 GC heap after
{Heap after GC invocations=214 (full 4):
 PSYoungGen      total 7680K, used 992K [0x00000000d5580000, 0x00000000d5f00000, 0x0000000100000000)
  eden space 6656K, 0% used [0x00000000d5580000,0x00000000d5580000,0x00000000d5c00000)
  from space 1024K, 96% used [0x00000000d5e00000,0x00000000d5ef8000,0x00000000d5f00000)
  to   space 1536K, 0% used [0x00000000d5c00000,0x00000000d5c00000,0x00000000d5d80000)
 ParOldGen       total 249344K, used 172166K [0x0000000080000000, 0x000000008f380000, 0x00000000d5580000)
  object space 249344K, 69% used [0x0000000080000000,0x000000008a821970,0x000000008f380000)
 Metaspace       used 85811K, committed 87744K, reserved 1179648K
  class space    used 8807K, committed 9664K, reserved 1048576K
}
Event: 298.667 GC heap before
{Heap before GC invocations=215 (full 4):
 PSYoungGen      total 7680K, used 7648K [0x00000000d5580000, 0x00000000d5f00000, 0x0000000100000000)
  eden space 6656K, 100% used [0x00000000d5580000,0x00000000d5c00000,0x00000000d5c00000)
  from space 1024K, 96% used [0x00000000d5e00000,0x00000000d5ef8000,0x00000000d5f00000)
  to   space 1536K, 0% used [0x00000000d5c00000,0x00000000d5c00000,0x00000000d5d80000)
 ParOldGen       total 249344K, used 172166K [0x0000000080000000, 0x000000008f380000, 0x00000000d5580000)
  object space 249344K, 69% used [0x0000000080000000,0x000000008a821970,0x000000008f380000)
 Metaspace       used 85859K, committed 87744K, reserved 1179648K
  class space    used 8807K, committed 9664K, reserved 1048576K
}
Event: 298.669 GC heap after
{Heap after GC invocations=215 (full 4):
 PSYoungGen      total 8192K, used 1152K [0x00000000d5580000, 0x00000000d5f00000, 0x0000000100000000)
  eden space 6656K, 0% used [0x00000000d5580000,0x00000000d5580000,0x00000000d5c00000)
  from space 1536K, 75% used [0x00000000d5c00000,0x00000000d5d20000,0x00000000d5d80000)
  to   space 1536K, 0% used [0x00000000d5d80000,0x00000000d5d80000,0x00000000d5f00000)
 ParOldGen       total 249344K, used 172986K [0x0000000080000000, 0x000000008f380000, 0x00000000d5580000)
  object space 249344K, 69% used [0x0000000080000000,0x000000008a8eeba0,0x000000008f380000)
 Metaspace       used 85859K, committed 87744K, reserved 1179648K
  class space    used 8807K, committed 9664K, reserved 1048576K
}

Dll operation events (12 events):
Event: 0.006 Loaded shared library c:\Users\Admin\.vscode\extensions\redhat.java-1.53.0-win32-x64\jre\21.0.10-win32-x86_64\bin\java.dll
Event: 0.047 Loaded shared library c:\Users\Admin\.vscode\extensions\redhat.java-1.53.0-win32-x64\jre\21.0.10-win32-x86_64\bin\zip.dll
Event: 0.062 Loaded shared library C:\Users\Admin\.vscode\extensions\redhat.java-1.53.0-win32-x64\jre\21.0.10-win32-x86_64\bin\instrument.dll
Event: 0.066 Loaded shared library C:\Users\Admin\.vscode\extensions\redhat.java-1.53.0-win32-x64\jre\21.0.10-win32-x86_64\bin\net.dll
Event: 0.067 Loaded shared library C:\Users\Admin\.vscode\extensions\redhat.java-1.53.0-win32-x64\jre\21.0.10-win32-x86_64\bin\nio.dll
Event: 0.069 Loaded shared library C:\Users\Admin\.vscode\extensions\redhat.java-1.53.0-win32-x64\jre\21.0.10-win32-x86_64\bin\zip.dll
Event: 0.081 Loaded shared library C:\Users\Admin\.vscode\extensions\redhat.java-1.53.0-win32-x64\jre\21.0.10-win32-x86_64\bin\jimage.dll
Event: 0.134 Loaded shared library c:\Users\Admin\.vscode\extensions\redhat.java-1.53.0-win32-x64\jre\21.0.10-win32-x86_64\bin\verify.dll
Event: 0.941 Loaded shared library C:\Users\Admin\AppData\Roaming\Code\User\globalStorage\redhat.java\1.53.0\config_win\org.eclipse.equinox.launcher\org.eclipse.equinox.launcher.win32.win32.x86_64_1.3.0.v20260203-2149\eclipse_11919.dll
Event: 1.807 Loaded shared library C:\Users\Admin\AppData\Local\Temp\jna-63116079\jna8607947695714517156.dll
Event: 14.536 Loaded shared library C:\Users\Admin\.vscode\extensions\redhat.java-1.53.0-win32-x64\jre\21.0.10-win32-x86_64\bin\sunmscapi.dll
Event: 14.655 Loaded shared library C:\Users\Admin\.vscode\extensions\redhat.java-1.53.0-win32-x64\jre\21.0.10-win32-x86_64\bin\extnet.dll

Deoptimization events (20 events):
Event: 298.739 Thread 0x000001a7fce401d0 Uncommon trap: trap_request=0xffffff45 fr.pc=0x000001a7ea19124c relative=0x00000000000006ac
Event: 298.739 Thread 0x000001a7fce401d0 Uncommon trap: reason=unstable_if action=reinterpret pc=0x000001a7ea19124c method=org.eclipse.jdt.internal.compiler.lookup.AnnotatableTypeSystem.getWildcard(Lorg/eclipse/jdt/internal/compiler/lookup/ReferenceBinding;ILorg/eclipse/jdt/internal/compiler/loo
Event: 298.739 Thread 0x000001a7fce401d0 DEOPT PACKING pc=0x000001a7ea19124c sp=0x0000006ba04fdc60
Event: 298.739 Thread 0x000001a7fce401d0 DEOPT UNPACKING pc=0x000001a7e8ed3aa2 sp=0x0000006ba04fdc00 mode 2
Event: 298.740 Thread 0x000001a7fce401d0 Uncommon trap: trap_request=0xffffff45 fr.pc=0x000001a7ea3ae40c relative=0x000000000000096c
Event: 298.740 Thread 0x000001a7fce401d0 Uncommon trap: reason=unstable_if action=reinterpret pc=0x000001a7ea3ae40c method=org.eclipse.jdt.internal.compiler.lookup.TypeSystem.getWildcard(Lorg/eclipse/jdt/internal/compiler/lookup/ReferenceBinding;ILorg/eclipse/jdt/internal/compiler/lookup/TypeBin
Event: 298.740 Thread 0x000001a7fce401d0 DEOPT PACKING pc=0x000001a7ea3ae40c sp=0x0000006ba04fdb60
Event: 298.740 Thread 0x000001a7fce401d0 DEOPT UNPACKING pc=0x000001a7e8ed3aa2 sp=0x0000006ba04fdb20 mode 2
Event: 298.740 Thread 0x000001a7fce401d0 Uncommon trap: trap_request=0xffffff45 fr.pc=0x000001a7ea60ec50 relative=0x00000000000013b0
Event: 298.741 Thread 0x000001a7fce401d0 Uncommon trap: reason=unstable_if action=reinterpret pc=0x000001a7ea60ec50 method=org.eclipse.jdt.internal.compiler.lookup.TypeBinding.findSuperTypeOriginatingFrom(Lorg/eclipse/jdt/internal/compiler/lookup/TypeBinding;)Lorg/eclipse/jdt/internal/compiler/l
Event: 298.741 Thread 0x000001a7fce401d0 DEOPT PACKING pc=0x000001a7ea60ec50 sp=0x0000006ba04fdb70
Event: 298.741 Thread 0x000001a7fce401d0 DEOPT UNPACKING pc=0x000001a7e8ed3aa2 sp=0x0000006ba04fdaf8 mode 2
Event: 298.743 Thread 0x000001a7fce401d0 Uncommon trap: trap_request=0xffffff45 fr.pc=0x000001a7ea6338f0 relative=0x0000000000000770
Event: 298.743 Thread 0x000001a7fce401d0 Uncommon trap: reason=unstable_if action=reinterpret pc=0x000001a7ea6338f0 method=org.eclipse.jdt.internal.compiler.problem.ProblemReporter.getIrritant(I)I @ 1 c2
Event: 298.743 Thread 0x000001a7fce401d0 DEOPT PACKING pc=0x000001a7ea6338f0 sp=0x0000006ba04fe6d0
Event: 298.743 Thread 0x000001a7fce401d0 DEOPT UNPACKING pc=0x000001a7e8ed3aa2 sp=0x0000006ba04fe658 mode 2
Event: 298.757 Thread 0x000001a7fce401d0 Uncommon trap: trap_request=0xffffff45 fr.pc=0x000001a7e993a97c relative=0x000000000000075c
Event: 298.757 Thread 0x000001a7fce401d0 Uncommon trap: reason=unstable_if action=reinterpret pc=0x000001a7e993a97c method=java.lang.StringConcatHelper.mix(JLjava/lang/String;)J @ 13 c2
Event: 298.758 Thread 0x000001a7fce401d0 DEOPT PACKING pc=0x000001a7e993a97c sp=0x0000006ba04fdf80
Event: 298.758 Thread 0x000001a7fce401d0 DEOPT UNPACKING pc=0x000001a7e8ed3aa2 sp=0x0000006ba04fdeb0 mode 2

Classes loaded (20 events):
Event: 57.019 Loading class java/util/Timer$ThreadReaper
Event: 57.019 Loading class java/util/Timer$ThreadReaper done
Event: 57.020 Loading class java/util/concurrent/CompletableFuture$UniWhenComplete
Event: 57.021 Loading class java/util/concurrent/CompletableFuture$UniWhenComplete done
Event: 57.021 Loading class java/util/concurrent/CompletableFuture$UniCompose
Event: 57.021 Loading class java/util/concurrent/CompletableFuture$UniCompose done
Event: 57.021 Loading class java/util/concurrent/CompletableFuture$UniRelay
Event: 57.021 Loading class java/util/concurrent/CompletableFuture$UniRelay done
Event: 57.949 Loading class java/util/concurrent/ScheduledThreadPoolExecutor$DelayedWorkQueue$Itr
Event: 57.949 Loading class java/util/concurrent/ScheduledThreadPoolExecutor$DelayedWorkQueue$Itr done
Event: 62.523 Loading class java/lang/ProcessHandleImpl$ExitCompletion
Event: 62.523 Loading class java/lang/ProcessHandleImpl$ExitCompletion done
Event: 62.523 Loading class java/lang/ProcessHandleImpl$1
Event: 62.523 Loading class java/lang/ProcessHandleImpl$1 done
Event: 62.524 Loading class java/util/concurrent/CompletableFuture$UniHandle
Event: 62.524 Loading class java/util/concurrent/CompletableFuture$UniHandle done
Event: 297.946 Loading class jdk/internal/module/IllegalAccessLogger
Event: 297.946 Loading class jdk/internal/module/IllegalAccessLogger done
Event: 297.953 Loading class java/util/concurrent/ConcurrentHashMap$KeySpliterator
Event: 297.953 Loading class java/util/concurrent/ConcurrentHashMap$KeySpliterator done

Classes unloaded (14 events):
Event: 2.345 Thread 0x000001a7f6593f90 Unloading class 0x000001a7811aac00 'java/lang/invoke/LambdaForm$MH+0x000001a7811aac00'
Event: 2.345 Thread 0x000001a7f6593f90 Unloading class 0x000001a7811aa800 'java/lang/invoke/LambdaForm$MH+0x000001a7811aa800'
Event: 2.345 Thread 0x000001a7f6593f90 Unloading class 0x000001a7811aa400 'java/lang/invoke/LambdaForm$MH+0x000001a7811aa400'
Event: 2.345 Thread 0x000001a7f6593f90 Unloading class 0x000001a7811aa000 'java/lang/invoke/LambdaForm$MH+0x000001a7811aa000'
Event: 2.345 Thread 0x000001a7f6593f90 Unloading class 0x000001a7811a9c00 'java/lang/invoke/LambdaForm$BMH+0x000001a7811a9c00'
Event: 2.345 Thread 0x000001a7f6593f90 Unloading class 0x000001a7811a9800 'java/lang/invoke/LambdaForm$DMH+0x000001a7811a9800'
Event: 2.345 Thread 0x000001a7f6593f90 Unloading class 0x000001a7811a8400 'java/lang/invoke/LambdaForm$DMH+0x000001a7811a8400'
Event: 7.126 Thread 0x000001a7f6593f90 Unloading class 0x000001a7816b5800 'java/lang/invoke/LambdaForm$MH+0x000001a7816b5800'
Event: 7.126 Thread 0x000001a7f6593f90 Unloading class 0x000001a7816b4c00 'java/lang/invoke/LambdaForm$MH+0x000001a7816b4c00'
Event: 7.126 Thread 0x000001a7f6593f90 Unloading class 0x000001a7816b4000 'java/lang/invoke/LambdaForm$MH+0x000001a7816b4000'
Event: 7.126 Thread 0x000001a7f6593f90 Unloading class 0x000001a7816b4400 'java/lang/invoke/LambdaForm$MH+0x000001a7816b4400'
Event: 15.454 Thread 0x000001a7f6593f90 Unloading class 0x000001a78176c800 'java/lang/invoke/LambdaForm$DMH+0x000001a78176c800'
Event: 15.454 Thread 0x000001a7f6593f90 Unloading class 0x000001a78176cc00 'java/lang/invoke/LambdaForm$DMH+0x000001a78176cc00'
Event: 15.454 Thread 0x000001a7f6593f90 Unloading class 0x000001a78176c000 'java/lang/invoke/LambdaForm$DMH+0x000001a78176c000'

Classes redefined (0 events):
No events

Internal exceptions (20 events):
Event: 297.493 Thread 0x000001a7fd21b820 Exception <a 'sun/nio/fs/WindowsException'{0x00000000d566a0c0}> (0x00000000d566a0c0) 
thrown [s\src\hotspot\share\prims\jni.cpp, line 520]
Event: 297.493 Thread 0x000001a7fd216ff0 Exception <a 'sun/nio/fs/WindowsException'{0x00000000d566de80}> (0x00000000d566de80) 
thrown [s\src\hotspot\share\prims\jni.cpp, line 520]
Event: 297.493 Thread 0x000001a7fd21a470 Exception <a 'sun/nio/fs/WindowsException'{0x00000000d56720f8}> (0x00000000d56720f8) 
thrown [s\src\hotspot\share\prims\jni.cpp, line 520]
Event: 297.494 Thread 0x000001a7fd21d8f0 Exception <a 'sun/nio/fs/WindowsException'{0x00000000d5675fa0}> (0x00000000d5675fa0) 
thrown [s\src\hotspot\share\prims\jni.cpp, line 520]
Event: 297.494 Thread 0x000001a7fd21ab00 Exception <a 'sun/nio/fs/WindowsException'{0x00000000d567a4c8}> (0x00000000d567a4c8) 
thrown [s\src\hotspot\share\prims\jni.cpp, line 520]
Event: 297.494 Thread 0x000001a7fd21d260 Exception <a 'sun/nio/fs/WindowsException'{0x00000000d56874c8}> (0x00000000d56874c8) 
thrown [s\src\hotspot\share\prims\jni.cpp, line 520]
Event: 297.495 Thread 0x000001a7fd21df80 Exception <a 'sun/nio/fs/WindowsException'{0x00000000d568fce8}> (0x00000000d568fce8) 
thrown [s\src\hotspot\share\prims\jni.cpp, line 520]
Event: 297.495 Thread 0x000001a7fd2183a0 Exception <a 'sun/nio/fs/WindowsException'{0x00000000d5694220}> (0x00000000d5694220) 
thrown [s\src\hotspot\share\prims\jni.cpp, line 520]
Event: 297.495 Thread 0x000001a7c2a27e60 Exception <a 'sun/nio/fs/WindowsException'{0x00000000d56a1528}> (0x00000000d56a1528) 
thrown [s\src\hotspot\share\prims\jni.cpp, line 520]
Event: 297.495 Thread 0x000001a7c2a2a5c0 Exception <a 'sun/nio/fs/WindowsException'{0x00000000d56bae50}> (0x00000000d56bae50) 
thrown [s\src\hotspot\share\prims\jni.cpp, line 520]
Event: 297.496 Thread 0x000001a7fd21e610 Exception <a 'sun/nio/fs/WindowsException'{0x00000000d568ce58}> (0x00000000d568ce58) 
thrown [s\src\hotspot\share\prims\jni.cpp, line 520]
Event: 297.496 Thread 0x000001a7fd21df80 Exception <a 'sun/nio/fs/WindowsException'{0x00000000d5692298}> (0x00000000d5692298) 
thrown [s\src\hotspot\share\prims\jni.cpp, line 520]
Event: 297.496 Thread 0x000001a7c2a2a5c0 Exception <a 'sun/nio/fs/WindowsException'{0x00000000d56bc878}> (0x00000000d56bc878) 
thrown [s\src\hotspot\share\prims\jni.cpp, line 520]
Event: 297.497 Thread 0x000001a7fd21d8f0 Exception <a 'sun/nio/fs/WindowsException'{0x00000000d569e8c0}> (0x00000000d569e8c0) 
thrown [s\src\hotspot\share\prims\jni.cpp, line 520]
Event: 297.686 Thread 0x000001a7fd2190c0 Implicit null exception at 0x000001a7ea11b88c to 0x000001a7ea11e23c
Event: 297.686 Thread 0x000001a7fd2190c0 Implicit null exception at 0x000001a7e9d2ee69 to 0x000001a7e9d2ef4c
Event: 297.955 Thread 0x000001a7fd2190c0 Exception <a 'java/lang/NoSuchMethodError'{0x00000000d57b7b00}: 'java.lang.Object java.lang.invoke.DirectMethodHandle$Holder.invokeStatic(java.lang.Object, java.lang.Object, int, int, java.lang.Object)'> (0x00000000d57b7b00) 
thrown [s\src\hotspot\share\interpreter\linkResolver.cpp, line 773]
Event: 297.956 Thread 0x000001a7fd2190c0 Exception <a 'java/lang/NoSuchMethodError'{0x00000000d57be8c0}: 'java.lang.Object java.lang.invoke.DirectMethodHandle$Holder.newInvokeSpecial(java.lang.Object, java.lang.Object, int, int, java.lang.Object)'> (0x00000000d57be8c0) 
thrown [s\src\hotspot\share\interpreter\linkResolver.cpp, line 773]
Event: 298.559 Thread 0x000001a7fce401d0 Implicit null exception at 0x000001a7e9dbb99a to 0x000001a7e9dbbadc
Event: 298.706 Thread 0x000001a7fce401d0 Implicit null exception at 0x000001a7ea66d134 to 0x000001a7ea66df70

ZGC Phase Switch (0 events):
No events

VM Operations (20 events):
Event: 297.935 Executing safepoint VM operation: ParallelGCFailedAllocation (Allocation Failure)
Event: 297.936 Executing safepoint VM operation: ParallelGCFailedAllocation (Allocation Failure) done
Event: 297.995 Executing safepoint VM operation: ParallelGCFailedAllocation (Allocation Failure)
Event: 297.997 Executing safepoint VM operation: ParallelGCFailedAllocation (Allocation Failure) done
Event: 298.123 Executing safepoint VM operation: ParallelGCFailedAllocation (Allocation Failure)
Event: 298.125 Executing safepoint VM operation: ParallelGCFailedAllocation (Allocation Failure) done
Event: 298.199 Executing safepoint VM operation: ParallelGCFailedAllocation (Allocation Failure)
Event: 298.201 Executing safepoint VM operation: ParallelGCFailedAllocation (Allocation Failure) done
Event: 298.298 Executing safepoint VM operation: ParallelGCFailedAllocation (Allocation Failure)
Event: 298.301 Executing safepoint VM operation: ParallelGCFailedAllocation (Allocation Failure) done
Event: 298.370 Executing safepoint VM operation: ParallelGCFailedAllocation (Allocation Failure)
Event: 298.372 Executing safepoint VM operation: ParallelGCFailedAllocation (Allocation Failure) done
Event: 298.418 Executing safepoint VM operation: ParallelGCFailedAllocation (Allocation Failure)
Event: 298.420 Executing safepoint VM operation: ParallelGCFailedAllocation (Allocation Failure) done
Event: 298.471 Executing safepoint VM operation: ParallelGCFailedAllocation (Allocation Failure)
Event: 298.474 Executing safepoint VM operation: ParallelGCFailedAllocation (Allocation Failure) done
Event: 298.571 Executing safepoint VM operation: ParallelGCFailedAllocation (Allocation Failure)
Event: 298.573 Executing safepoint VM operation: ParallelGCFailedAllocation (Allocation Failure) done
Event: 298.667 Executing safepoint VM operation: ParallelGCFailedAllocation (Allocation Failure)
Event: 298.669 Executing safepoint VM operation: ParallelGCFailedAllocation (Allocation Failure) done

Memory protections (0 events):
No events

Nmethod flushes (20 events):
Event: 15.502 Thread 0x000001a7f6593f90 flushing  nmethod 0x000001a7e2b84d90
Event: 15.502 Thread 0x000001a7f6593f90 flushing  nmethod 0x000001a7e2b85210
Event: 15.502 Thread 0x000001a7f6593f90 flushing  nmethod 0x000001a7e2b85c90
Event: 15.502 Thread 0x000001a7f6593f90 flushing  nmethod 0x000001a7e2b87790
Event: 15.502 Thread 0x000001a7f6593f90 flushing  nmethod 0x000001a7e2b88a10
Event: 15.502 Thread 0x000001a7f6593f90 flushing  nmethod 0x000001a7e2b97f90
Event: 15.502 Thread 0x000001a7f6593f90 flushing  nmethod 0x000001a7e2bd9210
Event: 15.502 Thread 0x000001a7f6593f90 flushing  nmethod 0x000001a7e2beb310
Event: 15.502 Thread 0x000001a7f6593f90 flushing  nmethod 0x000001a7e2beb610
Event: 15.502 Thread 0x000001a7f6593f90 flushing  nmethod 0x000001a7e2c08790
Event: 15.502 Thread 0x000001a7f6593f90 flushing  nmethod 0x000001a7e2c0a690
Event: 15.502 Thread 0x000001a7f6593f90 flushing  nmethod 0x000001a7e2c0c490
Event: 15.502 Thread 0x000001a7f6593f90 flushing  nmethod 0x000001a7e2c0cc10
Event: 15.502 Thread 0x000001a7f6593f90 flushing  nmethod 0x000001a7e2c0d490
Event: 15.502 Thread 0x000001a7f6593f90 flushing  nmethod 0x000001a7e2c0f510
Event: 15.502 Thread 0x000001a7f6593f90 flushing  nmethod 0x000001a7e2c0fd90
Event: 15.502 Thread 0x000001a7f6593f90 flushing  nmethod 0x000001a7e2c14390
Event: 15.502 Thread 0x000001a7f6593f90 flushing  nmethod 0x000001a7e2c15f10
Event: 15.502 Thread 0x000001a7f6593f90 flushing  nmethod 0x000001a7e2c1bc90
Event: 15.502 Thread 0x000001a7f6593f90 flushing  nmethod 0x000001a7e2c29790

Events (20 events):
Event: 297.579 Thread 0x000001a7de8e62f0 Thread added: 0x000001a7f6609f80
Event: 297.673 Thread 0x000001a7de8e62f0 Thread added: 0x000001a7f66076a0
Event: 297.685 Thread 0x000001a7de8e62f0 Thread added: 0x000001a7f6608b10
Event: 297.689 Thread 0x000001a7f6606fd0 Thread added: 0x000001a7f6607d70
Event: 297.689 Thread 0x000001a7f6606fd0 Thread added: 0x000001a7f66098b0
Event: 297.948 Thread 0x000001a7fd2190c0 Thread added: 0x000001a7fce401d0
Event: 297.958 Thread 0x000001a7fd2190c0 Thread added: 0x000001a7fce40ef0
Event: 297.963 Thread 0x000001a7fd2190c0 Thread added: 0x000001a7fce422a0
Event: 297.973 Thread 0x000001a7fd2190c0 Thread added: 0x000001a7fce41580
Event: 297.973 Thread 0x000001a7fd2190c0 Thread added: 0x000001a7c5098f20
Event: 297.973 Thread 0x000001a7fd2190c0 Thread added: 0x000001a7cd8e47a0
Event: 297.984 Thread 0x000001a7fd2190c0 Thread added: 0x000001a7cd8e1320
Event: 298.024 Thread 0x000001a7fd2190c0 Thread added: 0x000001a7cd8e4110
Event: 298.080 Thread 0x000001a7fd2190c0 Thread added: 0x000001a7cd8e19b0
Event: 298.122 Thread 0x000001a7fd2190c0 Thread added: 0x000001a7cd8e3a80
Event: 298.165 Thread 0x000001a7fd2190c0 Thread added: 0x000001a7cd8e2040
Event: 298.175 Thread 0x000001a7fd2190c0 Thread added: 0x000001a7cd8e26d0
Event: 298.190 Thread 0x000001a7fd2190c0 Thread added: 0x000001a7cd8e33f0
Event: 298.196 Thread 0x000001a7fd2190c0 Thread added: 0x000001a7c11fb9d0
Event: 298.206 Thread 0x000001a7fd2190c0 Thread added: 0x000001a7c11ff4e0


Dynamic libraries:
0x00007ff6a7410000 - 0x00007ff6a741e000 	c:\Users\Admin\.vscode\extensions\redhat.java-1.53.0-win32-x64\jre\21.0.10-win32-x86_64\bin\java.exe
0x00007fffdffd0000 - 0x00007fffe01e7000 	C:\Windows\SYSTEM32\ntdll.dll
0x00007fffde770000 - 0x00007fffde834000 	C:\Windows\System32\KERNEL32.DLL
0x00007fffdd5e0000 - 0x00007fffdd9b2000 	C:\Windows\System32\KERNELBASE.dll
0x00007fffdd0f0000 - 0x00007fffdd201000 	C:\Windows\System32\ucrtbase.dll
0x00007fffbf150000 - 0x00007fffbf168000 	c:\Users\Admin\.vscode\extensions\redhat.java-1.53.0-win32-x64\jre\21.0.10-win32-x86_64\bin\jli.dll
0x00007fffbd7b0000 - 0x00007fffbd7ce000 	c:\Users\Admin\.vscode\extensions\redhat.java-1.53.0-win32-x64\jre\21.0.10-win32-x86_64\bin\VCRUNTIME140.dll
0x00007fffdefb0000 - 0x00007fffdf161000 	C:\Windows\System32\USER32.dll
0x00007fffb9a20000 - 0x00007fffb9cbb000 	C:\Windows\WinSxS\amd64_microsoft.windows.common-controls_6595b64144ccf1df_6.0.22621.5547_none_27104afb73855772\COMCTL32.dll
0x00007fffdf9e0000 - 0x00007fffdfa87000 	C:\Windows\System32\msvcrt.dll
0x00007fffdda40000 - 0x00007fffdda66000 	C:\Windows\System32\win32u.dll
0x00007fffde510000 - 0x00007fffde539000 	C:\Windows\System32\GDI32.dll
0x00007fffddb30000 - 0x00007fffddc53000 	C:\Windows\System32\gdi32full.dll
0x00007fffdd210000 - 0x00007fffdd2aa000 	C:\Windows\System32\msvcp_win.dll
0x00007fffdeca0000 - 0x00007fffdecd1000 	C:\Windows\System32\IMM32.DLL
0x00007fffd9a20000 - 0x00007fffd9a2c000 	c:\Users\Admin\.vscode\extensions\redhat.java-1.53.0-win32-x64\jre\21.0.10-win32-x86_64\bin\vcruntime140_1.dll
0x00007fff550b0000 - 0x00007fff5513d000 	c:\Users\Admin\.vscode\extensions\redhat.java-1.53.0-win32-x64\jre\21.0.10-win32-x86_64\bin\msvcp140.dll
0x00007fff12860000 - 0x00007fff13601000 	c:\Users\Admin\.vscode\extensions\redhat.java-1.53.0-win32-x64\jre\21.0.10-win32-x86_64\bin\server\jvm.dll
0x00007fffdf1d0000 - 0x00007fffdf281000 	C:\Windows\System32\ADVAPI32.dll
0x00007fffde840000 - 0x00007fffde8e8000 	C:\Windows\System32\sechost.dll
0x00007fffdd0c0000 - 0x00007fffdd0e8000 	C:\Windows\System32\bcrypt.dll
0x00007fffdece0000 - 0x00007fffdedf4000 	C:\Windows\System32\RPCRT4.dll
0x00007fffdea20000 - 0x00007fffdea91000 	C:\Windows\System32\WS2_32.dll
0x00007fffdcde0000 - 0x00007fffdce2d000 	C:\Windows\SYSTEM32\POWRPROF.dll
0x00007fffd88f0000 - 0x00007fffd8924000 	C:\Windows\SYSTEM32\WINMM.dll
0x00007fffd3e80000 - 0x00007fffd3e8a000 	C:\Windows\SYSTEM32\VERSION.dll
0x00007fffdcdc0000 - 0x00007fffdcdd3000 	C:\Windows\SYSTEM32\UMPDC.dll
0x00007fffdc0b0000 - 0x00007fffdc0c8000 	C:\Windows\SYSTEM32\kernel.appcore.dll
0x00007fffd68d0000 - 0x00007fffd68da000 	c:\Users\Admin\.vscode\extensions\redhat.java-1.53.0-win32-x64\jre\21.0.10-win32-x86_64\bin\jimage.dll
0x00007fffd3c40000 - 0x00007fffd3e73000 	C:\Windows\SYSTEM32\DBGHELP.DLL
0x00007fffdf590000 - 0x00007fffdf923000 	C:\Windows\System32\combase.dll
0x00007fffdeaa0000 - 0x00007fffdeb77000 	C:\Windows\System32\OLEAUT32.dll
0x00007fffd3c00000 - 0x00007fffd3c32000 	C:\Windows\SYSTEM32\dbgcore.DLL
0x00007fffdd2b0000 - 0x00007fffdd32b000 	C:\Windows\System32\bcryptPrimitives.dll
0x00007fffd6490000 - 0x00007fffd649f000 	c:\Users\Admin\.vscode\extensions\redhat.java-1.53.0-win32-x64\jre\21.0.10-win32-x86_64\bin\instrument.dll
0x00007fffba580000 - 0x00007fffba5a0000 	c:\Users\Admin\.vscode\extensions\redhat.java-1.53.0-win32-x64\jre\21.0.10-win32-x86_64\bin\java.dll
0x00007fffddc60000 - 0x00007fffde502000 	C:\Windows\System32\SHELL32.dll
0x00007fffdd330000 - 0x00007fffdd46f000 	C:\Windows\System32\wintypes.dll
0x00007fffdafa0000 - 0x00007fffdb8bd000 	C:\Windows\SYSTEM32\windows.storage.dll
0x00007fffde910000 - 0x00007fffdea1c000 	C:\Windows\System32\SHCORE.dll
0x00007fffdeb80000 - 0x00007fffdebe9000 	C:\Windows\System32\shlwapi.dll
0x00007fffdcff0000 - 0x00007fffdd01b000 	C:\Windows\SYSTEM32\profapi.dll
0x00007fffb6880000 - 0x00007fffb6898000 	c:\Users\Admin\.vscode\extensions\redhat.java-1.53.0-win32-x64\jre\21.0.10-win32-x86_64\bin\zip.dll
0x00007fffd12d0000 - 0x00007fffd12e0000 	C:\Users\Admin\.vscode\extensions\redhat.java-1.53.0-win32-x64\jre\21.0.10-win32-x86_64\bin\net.dll
0x00007fffd9e80000 - 0x00007fffd9fac000 	C:\Windows\SYSTEM32\WINHTTP.dll
0x00007fffdc520000 - 0x00007fffdc589000 	C:\Windows\system32\mswsock.dll
0x00007fffb67c0000 - 0x00007fffb67d6000 	C:\Users\Admin\.vscode\extensions\redhat.java-1.53.0-win32-x64\jre\21.0.10-win32-x86_64\bin\nio.dll
0x00007fffd0cb0000 - 0x00007fffd0cc0000 	c:\Users\Admin\.vscode\extensions\redhat.java-1.53.0-win32-x64\jre\21.0.10-win32-x86_64\bin\verify.dll
0x00007fff4dd10000 - 0x00007fff4dd55000 	C:\Users\Admin\AppData\Roaming\Code\User\globalStorage\redhat.java\1.53.0\config_win\org.eclipse.equinox.launcher\org.eclipse.equinox.launcher.win32.win32.x86_64_1.3.0.v20260203-2149\eclipse_11919.dll
0x00007fffdee00000 - 0x00007fffdefa0000 	C:\Windows\System32\ole32.dll
0x00007fffdc870000 - 0x00007fffdc88b000 	C:\Windows\SYSTEM32\CRYPTSP.dll
0x00007fffdc010000 - 0x00007fffdc047000 	C:\Windows\system32\rsaenh.dll
0x00007fffdc5c0000 - 0x00007fffdc5e8000 	C:\Windows\SYSTEM32\USERENV.dll
0x00007fffdc850000 - 0x00007fffdc85c000 	C:\Windows\SYSTEM32\CRYPTBASE.dll
0x00007fffdbb10000 - 0x00007fffdbb3d000 	C:\Windows\SYSTEM32\IPHLPAPI.DLL
0x00007fffdf1c0000 - 0x00007fffdf1c9000 	C:\Windows\System32\NSI.dll
0x00007fff4cda0000 - 0x00007fff4cde9000 	C:\Users\Admin\AppData\Local\Temp\jna-63116079\jna8607947695714517156.dll
0x00007fffdebf0000 - 0x00007fffdebf8000 	C:\Windows\System32\PSAPI.DLL
0x00007fffd9200000 - 0x00007fffd9219000 	C:\Windows\SYSTEM32\dhcpcsvc6.DLL
0x00007fffd9130000 - 0x00007fffd914f000 	C:\Windows\SYSTEM32\dhcpcsvc.DLL
0x00007fffd6960000 - 0x00007fffd696e000 	C:\Users\Admin\.vscode\extensions\redhat.java-1.53.0-win32-x64\jre\21.0.10-win32-x86_64\bin\sunmscapi.dll
0x00007fffdd470000 - 0x00007fffdd5d7000 	C:\Windows\System32\CRYPT32.dll
0x00007fffdc9d0000 - 0x00007fffdc9fd000 	C:\Windows\SYSTEM32\ncrypt.dll
0x00007fffdc990000 - 0x00007fffdc9c7000 	C:\Windows\SYSTEM32\NTASN1.dll
0x00007fffdbb40000 - 0x00007fffdbc38000 	C:\Windows\SYSTEM32\DNSAPI.dll
0x00007fffd8e50000 - 0x00007fffd8e5a000 	C:\Windows\System32\rasadhlp.dll
0x00007fffd8b40000 - 0x00007fffd8bc4000 	C:\Windows\System32\fwpuclnt.dll
0x00007fffd6970000 - 0x00007fffd6979000 	C:\Users\Admin\.vscode\extensions\redhat.java-1.53.0-win32-x64\jre\21.0.10-win32-x86_64\bin\extnet.dll

JVMTI agents:
c:\Users\Admin\.vscode\extensions\redhat.java-1.53.0-win32-x64\lombok\lombok-1.18.39-4050.jar path:c:\Users\Admin\.vscode\extensions\redhat.java-1.53.0-win32-x64\jre\21.0.10-win32-x86_64\bin\instrument.dll, loaded, initialized, instrumentlib options:none

dbghelp: loaded successfully - version: 4.0.5 - missing functions: none
symbol engine: initialized successfully - sym options: 0x614 - pdb path: .;c:\Users\Admin\.vscode\extensions\redhat.java-1.53.0-win32-x64\jre\21.0.10-win32-x86_64\bin;C:\Windows\SYSTEM32;C:\Windows\WinSxS\amd64_microsoft.windows.common-controls_6595b64144ccf1df_6.0.22621.5547_none_27104afb73855772;c:\Users\Admin\.vscode\extensions\redhat.java-1.53.0-win32-x64\jre\21.0.10-win32-x86_64\bin\server;C:\Users\Admin\AppData\Roaming\Code\User\globalStorage\redhat.java\1.53.0\config_win\org.eclipse.equinox.launcher\org.eclipse.equinox.launcher.win32.win32.x86_64_1.3.0.v20260203-2149;C:\Users\Admin\AppData\Local\Temp\jna-63116079

VM Arguments:
jvm_args: --add-modules=ALL-SYSTEM --add-opens=java.base/java.util=ALL-UNNAMED --add-opens=java.base/java.lang=ALL-UNNAMED --add-opens=java.base/sun.nio.fs=ALL-UNNAMED -Declipse.application=org.eclipse.jdt.ls.core.id1 -Dosgi.bundles.defaultStartLevel=4 -Declipse.product=org.eclipse.jdt.ls.core.product -Djava.import.generatesMetadataFilesAtProjectRoot=false -DDetectVMInstallationsJob.disabled=true -Dfile.encoding=utf8 -XX:+UseParallelGC -XX:GCTimeRatio=4 -XX:AdaptiveSizePolicyWeight=90 -Dsun.zip.disableMemoryMapping=true -Xmx2G -Xms100m -Xlog:disable -javaagent:c:\Users\Admin\.vscode\extensions\redhat.java-1.53.0-win32-x64\lombok\lombok-1.18.39-4050.jar -XX:+HeapDumpOnOutOfMemoryError -XX:HeapDumpPath=c:\Users\Admin\AppData\Roaming\Code\User\workspaceStorage\27ed9c58f42c24c22845d3deae77e5f9\redhat.java -Daether.dependencyCollector.impl=bf 
java_command: c:\Users\Admin\.vscode\extensions\redhat.java-1.53.0-win32-x64\server\plugins\org.eclipse.equinox.launcher_1.7.100.v20251111-0406.jar -configuration c:\Users\Admin\AppData\Roaming\Code\User\globalStorage\redhat.java\1.53.0\config_win -data c:\Users\Admin\AppData\Roaming\Code\User\workspaceStorage\27ed9c58f42c24c22845d3deae77e5f9\redhat.java\jdt_ws --pipe=\\.\pipe\lsp-22b80727b25fc566a9eeabe73b97f931-sock
java_class_path (initial): c:\Users\Admin\.vscode\extensions\redhat.java-1.53.0-win32-x64\server\plugins\org.eclipse.equinox.launcher_1.7.100.v20251111-0406.jar
Launcher Type: SUN_STANDARD

[Global flags]
    uintx AdaptiveSizePolicyWeight                 = 90                                        {product} {command line}
     intx CICompilerCount                          = 12                                        {product} {ergonomic}
    uintx GCTimeRatio                              = 4                                         {product} {command line}
     bool HeapDumpOnOutOfMemoryError               = true                                   {manageable} {command line}
    ccstr HeapDumpPath                             = c:\Users\Admin\AppData\Roaming\Code\User\workspaceStorage\27ed9c58f42c24c22845d3deae77e5f9\redhat.java         {manageable} {command line}
   size_t InitialHeapSize                          = 104857600                                 {product} {command line}
   size_t MaxHeapSize                              = 2147483648                                {product} {command line}
   size_t MaxNewSize                               = 715653120                                 {product} {ergonomic}
   size_t MinHeapDeltaBytes                        = 524288                                    {product} {ergonomic}
   size_t MinHeapSize                              = 104857600                                 {product} {command line}
   size_t NewSize                                  = 34603008                                  {product} {ergonomic}
    uintx NonNMethodCodeHeapSize                   = 7602480                                {pd product} {ergonomic}
    uintx NonProfiledCodeHeapSize                  = 122027880                              {pd product} {ergonomic}
   size_t OldSize                                  = 70254592                                  {product} {ergonomic}
    uintx ProfiledCodeHeapSize                     = 122027880                              {pd product} {ergonomic}
    uintx ReservedCodeCacheSize                    = 251658240                              {pd product} {ergonomic}
     bool SegmentedCodeCache                       = true                                      {product} {ergonomic}
   size_t SoftMaxHeapSize                          = 2147483648                             {manageable} {ergonomic}
     bool UseCompressedOops                        = true                           {product lp64_product} {ergonomic}
     bool UseLargePagesIndividualAllocation        = false                                  {pd product} {ergonomic}
     bool UseParallelGC                            = true                                      {product} {command line}

Logging:
Log output configuration:
 #0: stdout all=off uptime,level,tags foldmultilines=false
 #1: stderr all=off uptime,level,tags foldmultilines=false

Release file:
JAVA_VERSION="21.0.10" 
MODULES="java.base java.compiler java.datatransfer java.xml java.prefs java.desktop java.instrument java.logging java.management java.security.sasl java.naming java.rmi java.management.rmi java.net.http java.scripting java.security.jgss java.transaction.xa java.sql java.sql.rowset java.xml.crypto java.se java.smartcardio jdk.accessibility jdk.internal.jvmstat jdk.attach jdk.charsets jdk.internal.opt jdk.zipfs jdk.compiler jdk.crypto.ec jdk.crypto.cryptoki jdk.crypto.mscapi jdk.dynalink jdk.internal.ed jdk.editpad jdk.hotspot.agent jdk.httpserver jdk.internal.le jdk.internal.vm.ci jdk.internal.vm.compiler jdk.internal.vm.compiler.management jdk.jartool jdk.javadoc jdk.jcmd jdk.management jdk.management.agent jdk.jconsole jdk.jdeps jdk.jdwp.agent jdk.jdi jdk.jfr jdk.jshell jdk.jsobject jdk.jstatd jdk.localedata jdk.management.jfr jdk.naming.dns jdk.naming.rmi jdk.net jdk.nio.mapmode jdk.random jdk.sctp jdk.security.auth jdk.security.jgss jdk.unsupported jdk.unsupported.desktop jdk.xml.dom" 

Environment Variables:
PATH=C:\Users\Admin\AppData\Local\Programs\Microsoft VS Code;C:\Program Files\Microsoft MPI\Bin\;C:\Program Files\Common Files\Oracle\Java\javapath;C:\Program Files (x86)\Common Files\Oracle\Java\javapath;C:\Windows\system32;C:\Windows;C:\Windows\System32\Wbem;C:\Windows\System32\WindowsPowerShell\v1.0\;C:\Windows\System32\OpenSSH\;C:\Program Files\Microsoft SQL Server\150\Tools\Binn\;C:\Program Files\Microsoft SQL Server\Client SDK\ODBC\170\Tools\Binn\;C:\Program Files (x86)\Microsoft SQL Server\160\DTS\Binn\;C:\Program Files (x86)\Microsoft SQL Server\160\Tools\Binn\;C:\Program Files\Microsoft SQL Server\160\Tools\Binn\;C:\Program Files\Microsoft SQL Server\160\DTS\Binn\;C:\Program Files\dotnet\;C:\ProgramData\ComposerSetup\bin;D:\.git\Git\cmd;D:\.git\Git\bin;C:\Program Files\nodejs\;C:\Program Files\TortoiseGit\bin;C:\Users\Admin\AppData\Local\Programs\Python\Python314\Scripts\;C:\Users\Admin\AppData\Local\Programs\Python\Python314\;C:\Users\Admin\AppData\Local\Programs\Python\Launcher\;C:\Users\Admin\AppData\Local\Flutter\flutter\bin;C:\Users\Admin\AppData\Local\Microsoft\WindowsApps;C:\Users\Admin\AppData\Local\Programs\Microsoft VS Code\bin;C:\Users\Admin\.dotnet\tools;C:\Users\Admin\AppData\Roaming\Composer\vendor\bin;C:\Users\Admin\AppData\Roaming\npm;C:\Users\Admin\AppData\Local\GitHubDesktop\bin;C:\Users\Admin\AppData\Local\Microsoft\WinGet\Packages\DenoLand.Deno_Microsoft.Winget.Source_8wekyb3d8bbwe;C:\Users\Admin\AppData\Local\Microsoft\WinGet\Packages\yt-dlp.FFmpeg_Microsoft.Winget.Source_8wekyb3d8bbwe\ffmpeg-N-122319-gf6a95c7eb7-win64-gpl/bin;C:\Users\Admin\AppData\Local\Microsoft\WinGet\Packages\yt-dlp.yt-dlp_Microsoft.Winget.Source_8wekyb3d8bbwe;
USERNAME=Admin
OS=Windows_NT
PROCESSOR_IDENTIFIER=AMD64 Family 25 Model 80 Stepping 0, AuthenticAMD
TMP=C:\Users\Admin\AppData\Local\Temp
TEMP=C:\Users\Admin\AppData\Local\Temp




Periodic native trim disabled

---------------  S Y S T E M  ---------------

OS:
 Windows 11 , 64 bit Build 22621 (10.0.22621.5415)
OS uptime: 0 days 4:02 hours
Hyper-V role detected

CPU: total 16 (initial active 16) (16 cores per cpu, 2 threads per core) family 25 model 80 stepping 0 microcode 0x0, cx8, cmov, fxsr, ht, mmx, 3dnowpref, sse, sse2, sse3, ssse3, sse4a, sse4.1, sse4.2, popcnt, lzcnt, tsc, tscinvbit, avx, avx2, aes, erms, clmul, bmi1, bmi2, adx, sha, fma, vzeroupper, clflush, clflushopt, hv, rdtscp, rdpid, fsrm, f16c, cet_ss
Processor Information for the first 16 processors :
  Max Mhz: 3201, Current Mhz: 3201, Mhz Limit: 3201

Memory: 4k page, system-wide physical 15754M (2886M free)
TotalPageFile size 19068M (AvailPageFile size 5M)
current process WorkingSet (physical memory assigned to process): 642M, peak: 649M
current process commit charge ("private bytes"): 725M, peak: 730M

vm_info: OpenJDK 64-Bit Server VM (21.0.10+7-LTS) for windows-amd64 JRE (21.0.10+7-LTS), built on 2026-01-20T00:00:00Z by "admin" with MS VC++ 17.12 (VS2022)

END.
